 node-librdkafka

 Timestamp is 5bbb58c0 (Mon Oct 08 16:16:48 2018)

 Preferred load address is 0000000180000000

 Start         Length     Name                   Class
 0001:00000000 00000374H .text$di                CODE
 0001:00000380 00031d90H .text$mn                CODE
 0001:00032110 000005c9H .text$x                 CODE
 0001:000326e0 000001bcH .text$yd                CODE
 0002:00000000 00000300H .idata$5                DATA
 0002:00000300 00000008H .CRT$XCA                DATA
 0002:00000308 00000058H .CRT$XCC                DATA
 0002:00000360 00000010H .CRT$XCL                DATA
 0002:00000370 000000c0H .CRT$XCU                DATA
 0002:00000430 00000008H .CRT$XCZ                DATA
 0002:00000438 00000008H .CRT$XIA                DATA
 0002:00000440 00000020H .CRT$XIC                DATA
 0002:00000460 00000008H .CRT$XIZ                DATA
 0002:00000468 00000008H .CRT$XPA                DATA
 0002:00000470 00000010H .CRT$XPX                DATA
 0002:00000480 00000008H .CRT$XPXA               DATA
 0002:00000488 00000008H .CRT$XPZ                DATA
 0002:00000490 00000008H .CRT$XTA                DATA
 0002:00000498 00000008H .CRT$XTZ                DATA
 0002:000004a0 0000aa80H .rdata                  DATA
 0002:0000af20 00000064H .rdata$debug            DATA
 0002:0000af88 00001fbcH .rdata$r                DATA
 0002:0000cf48 00000008H .rtc$IAA                DATA
 0002:0000cf50 00000008H .rtc$IZZ                DATA
 0002:0000cf58 00000008H .rtc$TAA                DATA
 0002:0000cf60 00000008H .rtc$TZZ                DATA
 0002:0000cf68 00003204H .xdata                  DATA
 0002:00010170 000002ccH .xdata$x                DATA
 0002:0001043c 00000020H .didat$2                DATA
 0002:0001045c 00000020H .didat$3                DATA
 0002:00010480 00000300H .didat$4                DATA
 0002:00010780 00001628H .didat$6                DATA
 0002:00011da8 00000300H .didat$7                DATA
 0002:000120b0 00000058H .edata                  DATA
 0002:00012108 00000028H .idata$2                DATA
 0002:00012130 00000014H .idata$3                DATA
 0002:00012148 00000300H .idata$4                DATA
 0002:00012448 00000ad2H .idata$6                DATA
 0003:00000000 00001c88H .data                   DATA
 0003:00001c90 00000d90H .data$r                 DATA
 0003:00002a20 00000300H .didat$5                DATA
 0003:00002d20 00002b28H .bss                    DATA
 0004:00000000 00002cf4H .pdata                  DATA
 0005:00000000 00000058H .rsrc$01                DATA
 0005:00000060 00000180H .rsrc$02                DATA

  Address         Publics by Value              Rva+Base               Lib:Object

 0000:00000000       __guard_fids_count         0000000000000000     <absolute>
 0000:00000000       ___safe_se_handler_table   0000000000000000     <absolute>
 0000:00000000       ___safe_se_handler_count   0000000000000000     <absolute>
 0000:00000000       __guard_fids_table         0000000000000000     <absolute>
 0000:00000000       __guard_flags              0000000000000000     <absolute>
 0000:00000000       __ImageBase                0000000180000000     <linker-defined>
 0001:00000450       ?New@?$Factory@VFunctionTemplate@v8@@@imp@Nan@@SA?AV?$Local@VFunctionTemplate@v8@@@v8@@P6AXAEBV?$FunctionCallbackInfo@VValue@v8@@@3@@ZV?$Local@VValue@v8@@@5@V?$Local@VSignature@v8@@@5@@Z 0000000180001450 f i binding.obj
 0001:00000660       ?NodeRdKafkaErr2Str@@YAXAEBV?$FunctionCallbackInfo@VValue@v8@@@Nan@@@Z 0000000180001660 f   binding.obj
 0001:00000810       ?NodeRdKafkaBuildInFeatures@@YAXAEBV?$FunctionCallbackInfo@VValue@v8@@@Nan@@@Z 0000000180001810 f   binding.obj
 0001:00000a10       ?ConstantsInit@@YAXV?$Local@VObject@v8@@@v8@@@Z 0000000180001a10 f   binding.obj
 0001:00003230       ?Init@@YAXV?$Local@VObject@v8@@@v8@@0@Z 0000000180004230 f   binding.obj
 0001:00003360       ??0?$basic_string@DU?$char_traits@D@std@@V?$allocator@D@2@@std@@QEAA@PEBD@Z 0000000180004360 f i binding.obj
 0001:000033a0       ??1?$basic_string@DU?$char_traits@D@std@@V?$allocator@D@2@@std@@QEAA@XZ 00000001800043a0 f i binding.obj
 0001:000033e0       ?assign@?$basic_string@DU?$char_traits@D@std@@V?$allocator@D@2@@std@@QEAAAEAV12@AEBV12@_K1@Z 00000001800043e0 f i binding.obj
 0001:00003510       ?assign@?$basic_string@DU?$char_traits@D@std@@V?$allocator@D@2@@std@@QEAAAEAV12@PEBD_K@Z 0000000180004510 f i binding.obj
 0001:00003650       ?erase@?$basic_string@DU?$char_traits@D@std@@V?$allocator@D@2@@std@@QEAAAEAV12@_K0@Z 0000000180004650 f i binding.obj
 0001:00003720       ?_Grow@?$basic_string@DU?$char_traits@D@std@@V?$allocator@D@2@@std@@QEAA_N_K_N@Z 0000000180004720 f i binding.obj
 0001:000037f0       ?_Copy@?$basic_string@DU?$char_traits@D@std@@V?$allocator@D@2@@std@@QEAAX_K0@Z 00000001800047f0 f i binding.obj
 0001:000038e0       ?Call@Callback@Nan@@QEBA?AV?$Local@VValue@v8@@@v8@@HQEAV34@@Z 00000001800048e0 f i callbacks.obj
 0001:000039e0       ?AsyncMessage_@Dispatcher@Callbacks@NodeKafka@@CAXPEAUuv_async_s@@@Z 00000001800049e0 f i callbacks.obj
 0001:000039f0       ??0rebalance_event_t@Callbacks@NodeKafka@@QEAA@W4ErrorCode@RdKafka@@V?$vector@PEAVTopicPartition@RdKafka@@V?$allocator@PEAVTopicPartition@RdKafka@@@std@@@std@@@Z 00000001800049f0 f i callbacks.obj
 0001:00003c60       ??0offset_commit_event_t@Callbacks@NodeKafka@@QEAA@W4ErrorCode@RdKafka@@AEBV?$vector@PEAVTopicPartition@RdKafka@@V?$allocator@PEAVTopicPartition@RdKafka@@@std@@@std@@@Z 0000000180004c60 f i callbacks.obj
 0001:00003eb0       ?TopicPartitionListToV8Array@Callbacks@NodeKafka@@YA?AV?$Local@VArray@v8@@@v8@@V?$vector@Uevent_topic_partition_t@Callbacks@NodeKafka@@V?$allocator@Uevent_topic_partition_t@Callbacks@NodeKafka@@@std@@@std@@@Z 0000000180004eb0 f   callbacks.obj
 0001:00004290       ??1Dispatcher@Callbacks@NodeKafka@@QEAA@XZ 0000000180005290 f   callbacks.obj
 0001:00004380       ?Dispatch@Dispatcher@Callbacks@NodeKafka@@QEAAXHQEAV?$Local@VValue@v8@@@v8@@@Z 0000000180005380 f   callbacks.obj
 0001:00004530       ?AddCallback@Dispatcher@Callbacks@NodeKafka@@QEAAXV?$Local@VFunction@v8@@@v8@@@Z 0000000180005530 f   callbacks.obj
 0001:00004530       ?AddCallback@DeliveryReportDispatcher@Callbacks@NodeKafka@@QEAAXV?$Local@VFunction@v8@@@v8@@@Z 0000000180005530 f   callbacks.obj
 0001:000045c0       ??0event_t@Callbacks@NodeKafka@@QEAA@AEBVEvent@RdKafka@@@Z 00000001800055c0 f   callbacks.obj
 0001:00004950       ??_GEvent@Callbacks@NodeKafka@@UEAAPEAXI@Z 0000000180005950 f i callbacks.obj
 0001:00004950       ??_EEvent@Callbacks@NodeKafka@@UEAAPEAXI@Z 0000000180005950 f i * CIL library *:* CIL module *
 0001:000049e0       ?event_cb@Event@Callbacks@NodeKafka@@UEAAXAEAV1RdKafka@@@Z 00000001800059e0 f   callbacks.obj
 0001:00004b80       ?Flush@EventDispatcher@Callbacks@NodeKafka@@UEAAXXZ 0000000180005b80 f   callbacks.obj
 0001:000057a0       ?Flush@DeliveryReportDispatcher@Callbacks@NodeKafka@@UEAAXXZ 00000001800067a0 f   callbacks.obj
 0001:00006340       ??0DeliveryReport@Callbacks@NodeKafka@@QEAA@AEBV012@@Z 0000000180007340 f i callbacks.obj
 0001:00006410       ??0DeliveryReport@Callbacks@NodeKafka@@QEAA@AEAVMessage@RdKafka@@_N@Z 0000000180007410 f   callbacks.obj
 0001:00006670       ??_GDelivery@Callbacks@NodeKafka@@UEAAPEAXI@Z 0000000180007670 f i callbacks.obj
 0001:00006670       ??_EDelivery@Callbacks@NodeKafka@@UEAAPEAXI@Z 0000000180007670 f i * CIL library *:* CIL module *
 0001:00006700       ?dr_cb@Delivery@Callbacks@NodeKafka@@UEAAXAEAVMessage@RdKafka@@@Z 0000000180007700 f   callbacks.obj
 0001:00006880       ?Add@RebalanceDispatcher@Callbacks@NodeKafka@@QEAAXAEBUrebalance_event_t@23@@Z 0000000180007880 f   callbacks.obj
 0001:00006880       ?Add@OffsetCommitDispatcher@Callbacks@NodeKafka@@QEAAXAEBUoffset_commit_event_t@23@@Z 0000000180007880 f   callbacks.obj
 0001:00006920       ?Flush@RebalanceDispatcher@Callbacks@NodeKafka@@UEAAXXZ 0000000180007920 f   callbacks.obj
 0001:00006bf0       ??_ERebalance@Callbacks@NodeKafka@@UEAAPEAXI@Z 0000000180007bf0 f i * CIL library *:* CIL module *
 0001:00006bf0       ??_GRebalance@Callbacks@NodeKafka@@UEAAPEAXI@Z 0000000180007bf0 f i callbacks.obj
 0001:00006c80       ?rebalance_cb@Rebalance@Callbacks@NodeKafka@@UEAAXPEAVKafkaConsumer@RdKafka@@W4ErrorCode@5@AEAV?$vector@PEAVTopicPartition@RdKafka@@V?$allocator@PEAVTopicPartition@RdKafka@@@std@@@std@@@Z 0000000180007c80 f   callbacks.obj
 0001:00006ce0       ?Flush@OffsetCommitDispatcher@Callbacks@NodeKafka@@UEAAXXZ 0000000180007ce0 f   callbacks.obj
 0001:00006f40       ??_EOffsetCommit@Callbacks@NodeKafka@@UEAAPEAXI@Z 0000000180007f40 f i * CIL library *:* CIL module *
 0001:00006f40       ??_GOffsetCommit@Callbacks@NodeKafka@@UEAAPEAXI@Z 0000000180007f40 f i callbacks.obj
 0001:00006fd0       ?offset_commit_cb@OffsetCommit@Callbacks@NodeKafka@@UEAAXW4ErrorCode@RdKafka@@AEAV?$vector@PEAVTopicPartition@RdKafka@@V?$allocator@PEAVTopicPartition@RdKafka@@@std@@@std@@@Z 0000000180007fd0 f   callbacks.obj
 0001:00007020       ??_GPartitioner@Callbacks@NodeKafka@@UEAAPEAXI@Z 0000000180008020 f i callbacks.obj
 0001:00007020       ??_EPartitioner@Callbacks@NodeKafka@@UEAAPEAXI@Z 0000000180008020 f i * CIL library *:* CIL module *
 0001:00007080       ?partitioner_cb@Partitioner@Callbacks@NodeKafka@@UEAAHPEBVTopic@RdKafka@@PEBV?$basic_string@DU?$char_traits@D@std@@V?$allocator@D@2@@std@@HPEAX@Z 0000000180008080 f   callbacks.obj
 0001:000072f0       ?SetCallback@Partitioner@Callbacks@NodeKafka@@QEAAXV?$Local@VFunction@v8@@@v8@@@Z 00000001800082f0 f   callbacks.obj
 0001:00007390       ?push_back@?$vector@V?$Persistent@VFunction@v8@@U?$CopyablePersistentTraits@VFunction@v8@@@2@@v8@@V?$allocator@V?$Persistent@VFunction@v8@@U?$CopyablePersistentTraits@VFunction@v8@@@2@@v8@@@std@@@std@@QEAAX$$QEAV?$Persistent@VFunction@v8@@U?$CopyablePersistentTraits@VFunction@v8@@@2@@v8@@@Z 0000000180008390 f i callbacks.obj
 0001:00007450       ??0?$vector@Uevent_topic_partition_t@Callbacks@NodeKafka@@V?$allocator@Uevent_topic_partition_t@Callbacks@NodeKafka@@@std@@@std@@QEAA@AEBV01@@Z 0000000180008450 f i callbacks.obj
 0001:00007570       ??0?$vector@PEAVTopicPartition@RdKafka@@V?$allocator@PEAVTopicPartition@RdKafka@@@std@@@std@@QEAA@AEBV01@@Z 0000000180008570 f i callbacks.obj
 0001:00007630       ?_Assign_rv@?$basic_string@DU?$char_traits@D@std@@V?$allocator@D@2@@std@@QEAAX$$QEAV12@@Z 0000000180008630 f i callbacks.obj
 0001:000076a0       ?_Reserve@?$vector@V?$Persistent@VFunction@v8@@U?$CopyablePersistentTraits@VFunction@v8@@@2@@v8@@V?$allocator@V?$Persistent@VFunction@v8@@U?$CopyablePersistentTraits@VFunction@v8@@@2@@v8@@@std@@@std@@IEAAX_K@Z 00000001800086a0 f i callbacks.obj
 0001:00007730       ?_Reserve@?$vector@Uevent_t@Callbacks@NodeKafka@@V?$allocator@Uevent_t@Callbacks@NodeKafka@@@std@@@std@@IEAAX_K@Z 0000000180008730 f i callbacks.obj
 0001:00007810       ?_Reserve@?$vector@VDeliveryReport@Callbacks@NodeKafka@@V?$allocator@VDeliveryReport@Callbacks@NodeKafka@@@std@@@std@@IEAAX_K@Z 0000000180008810 f i callbacks.obj
 0001:000078e0       ?_Reserve@?$vector@Uevent_topic_partition_t@Callbacks@NodeKafka@@V?$allocator@Uevent_topic_partition_t@Callbacks@NodeKafka@@@std@@@std@@IEAAX_K@Z 00000001800088e0 f i callbacks.obj
 0001:000079b0       ?_Tidy@?$vector@Uevent_topic_partition_t@Callbacks@NodeKafka@@V?$allocator@Uevent_topic_partition_t@Callbacks@NodeKafka@@@std@@@std@@IEAAXXZ 00000001800089b0 f i callbacks.obj
 0001:00007a30       ?_Reserve@?$vector@Urebalance_event_t@Callbacks@NodeKafka@@V?$allocator@Urebalance_event_t@Callbacks@NodeKafka@@@std@@@std@@IEAAX_K@Z 0000000180008a30 f i callbacks.obj
 0001:00007a30       ?_Reserve@?$vector@Uoffset_commit_event_t@Callbacks@NodeKafka@@V?$allocator@Uoffset_commit_event_t@Callbacks@NodeKafka@@@std@@@std@@IEAAX_K@Z 0000000180008a30 f i callbacks.obj
 0001:00007ac0       ?_Reallocate@?$vector@V?$Persistent@VFunction@v8@@U?$CopyablePersistentTraits@VFunction@v8@@@2@@v8@@V?$allocator@V?$Persistent@VFunction@v8@@U?$CopyablePersistentTraits@VFunction@v8@@@2@@v8@@@std@@@std@@IEAAX_K@Z 0000000180008ac0 f i callbacks.obj
 0001:00007bd0       ?_Destroy@?$vector@Uevent_t@Callbacks@NodeKafka@@V?$allocator@Uevent_t@Callbacks@NodeKafka@@@std@@@std@@IEAAXPEAUevent_t@Callbacks@NodeKafka@@0@Z 0000000180008bd0 f i callbacks.obj
 0001:00007c70       ?_Reallocate@?$vector@Uevent_t@Callbacks@NodeKafka@@V?$allocator@Uevent_t@Callbacks@NodeKafka@@@std@@@std@@IEAAX_K@Z 0000000180008c70 f i callbacks.obj
 0001:00007d70       ?_Destroy@?$vector@VDeliveryReport@Callbacks@NodeKafka@@V?$allocator@VDeliveryReport@Callbacks@NodeKafka@@@std@@@std@@IEAAXPEAVDeliveryReport@Callbacks@NodeKafka@@0@Z 0000000180008d70 f i callbacks.obj
 0001:00007df0       ?_Reallocate@?$vector@VDeliveryReport@Callbacks@NodeKafka@@V?$allocator@VDeliveryReport@Callbacks@NodeKafka@@@std@@@std@@IEAAX_K@Z 0000000180008df0 f i callbacks.obj
 0001:00007f00       ?_Reallocate@?$vector@Uevent_topic_partition_t@Callbacks@NodeKafka@@V?$allocator@Uevent_topic_partition_t@Callbacks@NodeKafka@@@std@@@std@@IEAAX_K@Z 0000000180008f00 f i callbacks.obj
 0001:00008020       ?_Destroy@?$vector@Uoffset_commit_event_t@Callbacks@NodeKafka@@V?$allocator@Uoffset_commit_event_t@Callbacks@NodeKafka@@@std@@@std@@IEAAXPEAUoffset_commit_event_t@Callbacks@NodeKafka@@0@Z 0000000180009020 f i callbacks.obj
 0001:00008020       ?_Destroy@?$vector@Urebalance_event_t@Callbacks@NodeKafka@@V?$allocator@Urebalance_event_t@Callbacks@NodeKafka@@@std@@@std@@IEAAXPEAUrebalance_event_t@Callbacks@NodeKafka@@0@Z 0000000180009020 f i callbacks.obj
 0001:000080d0       ?_Reallocate@?$vector@Urebalance_event_t@Callbacks@NodeKafka@@V?$allocator@Urebalance_event_t@Callbacks@NodeKafka@@@std@@@std@@IEAAX_K@Z 00000001800090d0 f i callbacks.obj
 0001:000080d0       ?_Reallocate@?$vector@Uoffset_commit_event_t@Callbacks@NodeKafka@@V?$allocator@Uoffset_commit_event_t@Callbacks@NodeKafka@@@std@@@std@@IEAAX_K@Z 00000001800090d0 f i callbacks.obj
 0001:000081b0       ??$_Umove@PEAUevent_topic_partition_t@Callbacks@NodeKafka@@@?$vector@Uevent_topic_partition_t@Callbacks@NodeKafka@@V?$allocator@Uevent_topic_partition_t@Callbacks@NodeKafka@@@std@@@std@@IEAAPEAUevent_topic_partition_t@Callbacks@NodeKafka@@PEAU234@00@Z 00000001800091b0 f i callbacks.obj
 0001:00008250       ??0event_t@Callbacks@NodeKafka@@QEAA@AEBU012@@Z 0000000180009250 f i callbacks.obj
 0001:00008300       ?what@exception@stdext@@UEBAPEBDXZ 0000000180009300 f i common.obj
 0001:00008320       ?imbue@?$basic_streambuf@DU?$char_traits@D@std@@@std@@MEAAXAEBVlocale@2@@Z 0000000180009320 f i libcpmt:cerr.obj
 0001:00008320       ?_Doraise@exception@stdext@@MEBAXXZ 0000000180009320 f i common.obj
 0001:00008320       ?_Lock@?$basic_streambuf@DU?$char_traits@D@std@@@std@@UEAAXXZ 0000000180009320 f i libcpmt:cerr.obj
 0001:00008320       ?_Unlock@?$basic_streambuf@DU?$char_traits@D@std@@@std@@UEAAXXZ 0000000180009320 f i libcpmt:cerr.obj
 0001:00008330       ??_E_System_error@std@@UEAAPEAXI@Z 0000000180009330 f i * CIL library *:* CIL module *
 0001:00008330       ??_G_System_error@std@@UEAAPEAXI@Z 0000000180009330 f i common.obj
 0001:00008330       ??_Gfailure@ios_base@std@@UEAAPEAXI@Z 0000000180009330 f i common.obj
 0001:00008330       ??_Gruntime_error@std@@UEAAPEAXI@Z 0000000180009330 f i common.obj
 0001:00008330       ??_Efailure@ios_base@std@@UEAAPEAXI@Z 0000000180009330 f i * CIL library *:* CIL module *
 0001:00008330       ??_Eexception@stdext@@UEAAPEAXI@Z 0000000180009330 f i * CIL library *:* CIL module *
 0001:00008330       ??_Eruntime_error@std@@UEAAPEAXI@Z 0000000180009330 f i * CIL library *:* CIL module *
 0001:00008330       ??_Gexception@stdext@@UEAAPEAXI@Z 0000000180009330 f i common.obj
 0001:00008360       ?_Doraise@failure@ios_base@std@@MEBAXXZ 0000000180009360 f i common.obj
 0001:00008360       ?_Doraise@runtime_error@std@@MEBAXXZ 0000000180009360 f i common.obj
 0001:00008380       ??0_Locinfo@std@@QEAA@PEBD@Z 0000000180009380 f i common.obj
 0001:00008440       ??1_Locinfo@std@@QEAA@XZ   0000000180009440 f i common.obj
 0001:000084e0       ??_G?$codecvt@DDH@std@@MEAAPEAXI@Z 00000001800094e0 f i libcpmt:cerr.obj
 0001:000084e0       ??_E?$codecvt@DDH@std@@MEAAPEAXI@Z 00000001800094e0 f i libcpmt:cerr.obj
 0001:000084e0       ??_G_Facet_base@std@@UEAAPEAXI@Z 00000001800094e0 f i common.obj
 0001:000084e0       ??_E_Facet_base@std@@UEAAPEAXI@Z 00000001800094e0 f i * CIL library *:* CIL module *
 0001:00008510       ?_Incref@facet@locale@std@@UEAAXXZ 0000000180009510 f i common.obj
 0001:00008520       ?_Decref@facet@locale@std@@UEAAPEAV_Facet_base@3@XZ 0000000180009520 f i common.obj
 0001:00008530       ??1locale@std@@QEAA@XZ     0000000180009530 f i common.obj
 0001:00008560       ?_Getcat@?$ctype@D@std@@SA_KPEAPEBVfacet@locale@2@PEBV42@@Z 0000000180009560 f i common.obj
 0001:00008640       ?do_tolower@?$ctype@D@std@@MEBADD@Z 0000000180009640 f i common.obj
 0001:00008650       ?do_tolower@?$ctype@D@std@@MEBAPEBDPEADPEBD@Z 0000000180009650 f i common.obj
 0001:000086c0       ?do_toupper@?$ctype@D@std@@MEBADD@Z 00000001800096c0 f i common.obj
 0001:000086d0       ?do_toupper@?$ctype@D@std@@MEBAPEBDPEADPEBD@Z 00000001800096d0 f i common.obj
 0001:00008740       ?do_narrow@?$ctype@D@std@@MEBADDD@Z 0000000180009740 f i common.obj
 0001:00008740       ?do_widen@?$ctype@D@std@@MEBADD@Z 0000000180009740 f i common.obj
 0001:00008750       ?do_widen@?$ctype@D@std@@MEBAPEBDPEBD0PEAD@Z 0000000180009750 f i common.obj
 0001:00008770       ?do_narrow@?$ctype@D@std@@MEBAPEBDPEBD0DPEAD@Z 0000000180009770 f i common.obj
 0001:00008790       ??_G?$ctype@D@std@@MEAAPEAXI@Z 0000000180009790 f i common.obj
 0001:00008790       ??_E?$ctype@D@std@@MEAAPEAXI@Z 0000000180009790 f i * CIL library *:* CIL module *
 0001:00008800       ??0_System_error@std@@IEAA@Verror_code@1@AEBV?$basic_string@DU?$char_traits@D@std@@V?$allocator@D@2@@1@@Z 0000000180009800 f i common.obj
 0001:00008970       ?clear@ios_base@std@@QEAAXH_N@Z 0000000180009970 f i common.obj
 0001:00008bb0       ?getloc@ios_base@std@@QEBA?AVlocale@2@XZ 0000000180009bb0 f i common.obj
 0001:00008be0       ??0Utf8String@Nan@@QEAA@V?$Local@VValue@v8@@@v8@@@Z 0000000180009be0 f i common.obj
 0001:00008cf0       ??$GetParameter@_J@NodeKafka@@YA_JV?$Local@VObject@v8@@@v8@@V?$basic_string@DU?$char_traits@D@std@@V?$allocator@D@2@@std@@_J@Z 0000000180009cf0 f   common.obj
 0001:00008ee0       ??$GetParameter@_N@NodeKafka@@YA_NV?$Local@VObject@v8@@@v8@@V?$basic_string@DU?$char_traits@D@std@@V?$allocator@D@2@@std@@_N@Z 0000000180009ee0 f   common.obj
 0001:000090d0       ??$GetParameter@H@NodeKafka@@YAHV?$Local@VObject@v8@@@v8@@V?$basic_string@DU?$char_traits@D@std@@V?$allocator@D@2@@std@@H@Z 000000018000a0d0 f   common.obj
 0001:00009150       ??$GetParameter@V?$basic_string@DU?$char_traits@D@std@@V?$allocator@D@2@@std@@@NodeKafka@@YA?AV?$basic_string@DU?$char_traits@D@std@@V?$allocator@D@2@@std@@V?$Local@VObject@v8@@@v8@@V12@1@Z 000000018000a150 f   common.obj
 0001:00009490       ?ToStringVector@Topic@Conversion@NodeKafka@@YA?AV?$vector@V?$basic_string@DU?$char_traits@D@std@@V?$allocator@D@2@@std@@V?$allocator@V?$basic_string@DU?$char_traits@D@std@@V?$allocator@D@2@@std@@@2@@std@@V?$Local@VArray@v8@@@v8@@@Z 000000018000a490 f   common.obj
 0001:000097f0       ?ToV8Array@Topic@Conversion@NodeKafka@@YA?AV?$Local@VArray@v8@@@v8@@V?$vector@V?$basic_string@DU?$char_traits@D@std@@V?$allocator@D@2@@std@@V?$allocator@V?$basic_string@DU?$char_traits@D@std@@V?$allocator@D@2@@std@@@2@@std@@@Z 000000018000a7f0 f   common.obj
 0001:000099f0       ?ToV8Array@TopicPartition@Conversion@NodeKafka@@YA?AV?$Local@VArray@v8@@@v8@@AEAV?$vector@PEAVTopicPartition@RdKafka@@V?$allocator@PEAVTopicPartition@RdKafka@@@std@@@std@@@Z 000000018000a9f0 f   common.obj
 0001:00009e60       ?FromV8Array@TopicPartition@Conversion@NodeKafka@@YA?AV?$vector@PEAVTopicPartition@RdKafka@@V?$allocator@PEAVTopicPartition@RdKafka@@@std@@@std@@AEBV?$Local@VArray@v8@@@v8@@@Z 000000018000ae60 f   common.obj
 0001:0000a010       ?FromV8Object@TopicPartition@Conversion@NodeKafka@@YAPEAV1RdKafka@@V?$Local@VObject@v8@@@v8@@@Z 000000018000b010 f   common.obj
 0001:0000a150       ?ToV8Object@Metadata@Conversion@NodeKafka@@YA?AV?$Local@VObject@v8@@@v8@@PEAV1RdKafka@@@Z 000000018000b150 f   common.obj
 0001:0000ae90       ?ToV8Object@Message@Conversion@NodeKafka@@YA?AV?$Local@VObject@v8@@@v8@@PEAV1RdKafka@@_N@Z 000000018000be90 f   common.obj
 0001:0000b5d0       ??0?$basic_string@DU?$char_traits@D@std@@V?$allocator@D@2@@std@@QEAA@$$QEAV01@@Z 000000018000c5d0 f i common.obj
 0001:0000b650       ?append@?$basic_string@DU?$char_traits@D@std@@V?$allocator@D@2@@std@@QEAAAEAV12@AEBV12@_K1@Z 000000018000c650 f i common.obj
 0001:0000b780       ?append@?$basic_string@DU?$char_traits@D@std@@V?$allocator@D@2@@std@@QEAAAEAV12@PEBD_K@Z 000000018000c780 f i common.obj
 0001:0000b8d0       ?_Reserve@?$vector@V?$basic_string@DU?$char_traits@D@std@@V?$allocator@D@2@@std@@V?$allocator@V?$basic_string@DU?$char_traits@D@std@@V?$allocator@D@2@@std@@@2@@std@@IEAAX_K@Z 000000018000c8d0 f i common.obj
 0001:0000b960       ?_Tidy@?$vector@V?$basic_string@DU?$char_traits@D@std@@V?$allocator@D@2@@std@@V?$allocator@V?$basic_string@DU?$char_traits@D@std@@V?$allocator@D@2@@std@@@2@@std@@IEAAXXZ 000000018000c960 f i common.obj
 0001:0000b9e0       ?_Reserve@?$vector@PEAVMessage@RdKafka@@V?$allocator@PEAVMessage@RdKafka@@@std@@@std@@IEAAX_K@Z 000000018000c9e0 f i workers.obj
 0001:0000b9e0       ?_Reserve@?$vector@PEAVTopicPartition@RdKafka@@V?$allocator@PEAVTopicPartition@RdKafka@@@std@@@std@@IEAAX_K@Z 000000018000c9e0 f i common.obj
 0001:0000ba70       ?flush@?$basic_ostream@DU?$char_traits@D@std@@@std@@QEAAAEAV12@XZ 000000018000ca70 f i common.obj
 0001:0000bb60       ?_Reallocate@?$vector@V?$basic_string@DU?$char_traits@D@std@@V?$allocator@D@2@@std@@V?$allocator@V?$basic_string@DU?$char_traits@D@std@@V?$allocator@D@2@@std@@@2@@std@@IEAAX_K@Z 000000018000cb60 f i common.obj
 0001:0000bc50       ?_Reallocate@?$vector@PEAVTopicPartition@RdKafka@@V?$allocator@PEAVTopicPartition@RdKafka@@@std@@@std@@IEAAX_K@Z 000000018000cc50 f i common.obj
 0001:0000bc50       ?_Reallocate@?$vector@PEAVMessage@RdKafka@@V?$allocator@PEAVMessage@RdKafka@@@std@@@std@@IEAAX_K@Z 000000018000cc50 f i workers.obj
 0001:0000bd00       ??0sentry@?$basic_ostream@DU?$char_traits@D@std@@@std@@QEAA@AEAV12@@Z 000000018000cd00 f i common.obj
 0001:0000bd70       ??$use_facet@V?$ctype@D@std@@@std@@YAAEBV?$ctype@D@0@AEBVlocale@0@@Z 000000018000cd70 f i common.obj
 0001:0000be80       ??$?6U?$char_traits@D@std@@@std@@YAAEAV?$basic_ostream@DU?$char_traits@D@std@@@0@AEAV10@PEBD@Z 000000018000ce80 f i common.obj
 0001:0000c0d0       ??$endl@DU?$char_traits@D@std@@@std@@YAAEAV?$basic_ostream@DU?$char_traits@D@std@@@0@AEAV10@@Z 000000018000d0d0 f i common.obj
 0001:0000c160       ??$_Umove@PEAV?$basic_string@DU?$char_traits@D@std@@V?$allocator@D@2@@std@@@?$vector@V?$basic_string@DU?$char_traits@D@std@@V?$allocator@D@2@@std@@V?$allocator@V?$basic_string@DU?$char_traits@D@std@@V?$allocator@D@2@@std@@@2@@std@@IEAAPEAV?$basic_string@DU?$char_traits@D@std@@V?$allocator@D@2@@1@PEAV21@00@Z 000000018000d160 f i common.obj
 0001:0000c210       ?put@?$basic_ostream@DU?$char_traits@D@std@@@std@@QEAAAEAV12@D@Z 000000018000d210 f i common.obj
 0001:0000c360       ?create@Conf@NodeKafka@@SAPEAV12@W4ConfType@1RdKafka@@V?$Local@VObject@v8@@@v8@@AEAV?$basic_string@DU?$char_traits@D@std@@V?$allocator@D@2@@std@@@Z 000000018000d360 f   config.obj
 0001:0000c8a0       ?listen@Conf@NodeKafka@@QEAAXXZ 000000018000d8a0 f   config.obj
 0001:0000c950       ?ThrowError@Nan@@YAXPEBD@Z 000000018000d950 f i connection.obj
 0001:0000c9e0       ?AsyncExecute@Nan@@YAXPEAUuv_work_s@@@Z 000000018000d9e0 f i connection.obj
 0001:0000c9f0       ?AsyncExecuteComplete@Nan@@YAXPEAUuv_work_s@@@Z 000000018000d9f0 f i connection.obj
 0001:0000ca20       ?AsyncQueueWorker@Nan@@YAXPEAVAsyncWorker@1@@Z 000000018000da20 f i connection.obj
 0001:0000ca60       ??1ObjectWrap@Nan@@UEAA@XZ 000000018000da60 f i connection.obj
 0001:0000cad0       ?Ref@ObjectWrap@Nan@@MEAAXXZ 000000018000dad0 f i connection.obj
 0001:0000cb10       ?Unref@ObjectWrap@Nan@@MEAAXXZ 000000018000db10 f i connection.obj
 0001:0000cbc0       ?WeakCallback@ObjectWrap@Nan@@CAXAEBV?$WeakCallbackInfo@VObjectWrap@Nan@@@v8@@@Z 000000018000dbc0 f i connection.obj
 0001:0000cc50       ??_EObjectWrap@Nan@@UEAAPEAXI@Z 000000018000dc50 f i * CIL library *:* CIL module *
 0001:0000cc50       ??_GObjectWrap@Nan@@UEAAPEAXI@Z 000000018000dc50 f i connection.obj
 0001:0000cc80       ??0Connection@NodeKafka@@IEAA@PEAVConf@1@0@Z 000000018000dc80 f   connection.obj
 0001:0000cdf0       ??_EConnection@NodeKafka@@MEAAPEAXI@Z 000000018000ddf0 f i * CIL library *:* CIL module *
 0001:0000cdf0       ??_GConnection@NodeKafka@@MEAAPEAXI@Z 000000018000ddf0 f i connection.obj
 0001:0000ce20       ??1Connection@NodeKafka@@MEAA@XZ 000000018000de20 f   connection.obj
 0001:0000cf20       ?CreateTopic@Connection@NodeKafka@@QEAA?AVBaton@2@V?$basic_string@DU?$char_traits@D@std@@V?$allocator@D@2@@std@@PEAVConf@RdKafka@@@Z 000000018000df20 f   connection.obj
 0001:0000d1a0       ?QueryWatermarkOffsets@Connection@NodeKafka@@QEAA?AVBaton@2@V?$basic_string@DU?$char_traits@D@std@@V?$allocator@D@2@@std@@HPEA_J1H@Z 000000018000e1a0 f   connection.obj
 0001:0000d290       ?OffsetsForTimes@Connection@NodeKafka@@QEAA?AVBaton@2@AEAV?$vector@PEAVTopicPartition@RdKafka@@V?$allocator@PEAVTopicPartition@RdKafka@@@std@@@std@@H@Z 000000018000e290 f   connection.obj
 0001:0000d360       ?GetMetadata@Connection@NodeKafka@@QEAA?AVBaton@2@_NV?$basic_string@DU?$char_traits@D@std@@V?$allocator@D@2@@std@@H@Z 000000018000e360 f   connection.obj
 0001:0000d560       ?NodeGetMetadata@Connection@NodeKafka@@KAXAEBV?$FunctionCallbackInfo@VValue@v8@@@Nan@@@Z 000000018000e560 f   connection.obj
 0001:0000d8a0       ?NodeOffsetsForTimes@Connection@NodeKafka@@KAXAEBV?$FunctionCallbackInfo@VValue@v8@@@Nan@@@Z 000000018000e8a0 f   connection.obj
 0001:0000db50       ?NodeQueryWatermarkOffsets@Connection@NodeKafka@@KAXAEBV?$FunctionCallbackInfo@VValue@v8@@@Nan@@@Z 000000018000eb50 f   connection.obj
 0001:0000df50       ?NodeOnEvent@Connection@NodeKafka@@KAXAEBV?$FunctionCallbackInfo@VValue@v8@@@Nan@@@Z 000000018000ef50 f   connection.obj
 0001:0000e040       ??$Unwrap@VConnection@NodeKafka@@@ObjectWrap@Nan@@SAPEAVConnection@NodeKafka@@V?$Local@VObject@v8@@@v8@@@Z 000000018000f040 f i connection.obj
 0001:0000e040       ??$Unwrap@VKafkaConsumer@NodeKafka@@@ObjectWrap@Nan@@SAPEAVKafkaConsumer@NodeKafka@@V?$Local@VObject@v8@@@v8@@@Z 000000018000f040 f i kafka-consumer.obj
 0001:0000e040       ??$Unwrap@VTopic@NodeKafka@@@ObjectWrap@Nan@@SAPEAVTopic@NodeKafka@@V?$Local@VObject@v8@@@v8@@@Z 000000018000f040 f i producer.obj
 0001:0000e040       ??$Unwrap@VProducer@NodeKafka@@@ObjectWrap@Nan@@SAPEAVProducer@NodeKafka@@V?$Local@VObject@v8@@@v8@@@Z 000000018000f040 f i producer.obj
 0001:0000e0c0       ?RdKafkaError@NodeKafka@@YA?AV?$Local@VObject@v8@@@v8@@AEBW4ErrorCode@RdKafka@@V?$basic_string@DU?$char_traits@D@std@@V?$allocator@D@2@@std@@@Z 000000018000f0c0 f   errors.obj
 0001:0000e2b0       ?SetPrototypeMethod@Nan@@YAXV?$Local@VFunctionTemplate@v8@@@v8@@PEBDP6AXAEBV?$FunctionCallbackInfo@VValue@v8@@@1@@Z@Z 000000018000f2b0 f i kafka-consumer.obj
 0001:0000e3a0       ?Wrap@ObjectWrap@Nan@@IEAAXV?$Local@VObject@v8@@@v8@@@Z 000000018000f3a0 f i kafka-consumer.obj
 0001:0000e480       ??0KafkaConsumer@NodeKafka@@IEAA@PEAVConf@1@0@Z 000000018000f480 f   kafka-consumer.obj
 0001:0000e560       ??_GKafkaConsumer@NodeKafka@@MEAAPEAXI@Z 000000018000f560 f i kafka-consumer.obj
 0001:0000e560       ??_EKafkaConsumer@NodeKafka@@MEAAPEAXI@Z 000000018000f560 f i * CIL library *:* CIL module *
 0001:0000e590       ??1KafkaConsumer@NodeKafka@@MEAA@XZ 000000018000f590 f   kafka-consumer.obj
 0001:0000e620       ?Connect@KafkaConsumer@NodeKafka@@QEAA?AVBaton@2@XZ 000000018000f620 f   kafka-consumer.obj
 0001:0000e820       ?ActivateDispatchers@KafkaConsumer@NodeKafka@@UEAAXXZ 000000018000f820 f   kafka-consumer.obj
 0001:0000e880       ?Disconnect@KafkaConsumer@NodeKafka@@QEAA?AVBaton@2@XZ 000000018000f880 f   kafka-consumer.obj
 0001:0000e960       ?DeactivateDispatchers@KafkaConsumer@NodeKafka@@UEAAXXZ 000000018000f960 f   kafka-consumer.obj
 0001:0000e9f0       ?Assign@KafkaConsumer@NodeKafka@@QEAA?AVBaton@2@V?$vector@PEAVTopicPartition@RdKafka@@V?$allocator@PEAVTopicPartition@RdKafka@@@std@@@std@@@Z 000000018000f9f0 f   kafka-consumer.obj
 0001:0000ec00       ?Unassign@KafkaConsumer@NodeKafka@@QEAA?AVBaton@2@XZ 000000018000fc00 f   kafka-consumer.obj
 0001:0000ed00       ?Commit@KafkaConsumer@NodeKafka@@QEAA?AVBaton@2@PEAVTopicPartition@RdKafka@@@Z 000000018000fd00 f   kafka-consumer.obj
 0001:0000eea0       ?Commit@KafkaConsumer@NodeKafka@@QEAA?AVBaton@2@XZ 000000018000fea0 f   kafka-consumer.obj
 0001:0000f000       ?CommitSync@KafkaConsumer@NodeKafka@@QEAA?AVBaton@2@V?$vector@PEAVTopicPartition@RdKafka@@V?$allocator@PEAVTopicPartition@RdKafka@@@std@@@std@@@Z 0000000180010000 f   kafka-consumer.obj
 0001:0000f180       ?CommitSync@KafkaConsumer@NodeKafka@@QEAA?AVBaton@2@PEAVTopicPartition@RdKafka@@@Z 0000000180010180 f   kafka-consumer.obj
 0001:0000f270       ?CommitSync@KafkaConsumer@NodeKafka@@QEAA?AVBaton@2@XZ 0000000180010270 f   kafka-consumer.obj
 0001:0000f3d0       ?Seek@KafkaConsumer@NodeKafka@@QEAA?AVBaton@2@AEBVTopicPartition@RdKafka@@H@Z 00000001800103d0 f   kafka-consumer.obj
 0001:0000f540       ?Committed@KafkaConsumer@NodeKafka@@QEAA?AVBaton@2@AEAV?$vector@PEAVTopicPartition@RdKafka@@V?$allocator@PEAVTopicPartition@RdKafka@@@std@@@std@@H@Z 0000000180010540 f   kafka-consumer.obj
 0001:0000f6b0       ?Position@KafkaConsumer@NodeKafka@@QEAA?AVBaton@2@AEAV?$vector@PEAVTopicPartition@RdKafka@@V?$allocator@PEAVTopicPartition@RdKafka@@@std@@@std@@@Z 00000001800106b0 f   kafka-consumer.obj
 0001:0000f810       ?Subscription@KafkaConsumer@NodeKafka@@QEAA?AVBaton@2@XZ 0000000180010810 f   kafka-consumer.obj
 0001:0000f9c0       ?Subscribe@KafkaConsumer@NodeKafka@@QEAA?AVBaton@2@V?$vector@V?$basic_string@DU?$char_traits@D@std@@V?$allocator@D@2@@std@@V?$allocator@V?$basic_string@DU?$char_traits@D@std@@V?$allocator@D@2@@std@@@2@@std@@@Z 00000001800109c0 f   kafka-consumer.obj
 0001:0000fa90       ?Consume@KafkaConsumer@NodeKafka@@QEAA?AVBaton@2@H@Z 0000000180010a90 f   kafka-consumer.obj
 0001:0000fd50       ?RefreshAssignments@KafkaConsumer@NodeKafka@@QEAA?AVBaton@2@XZ 0000000180010d50 f   kafka-consumer.obj
 0001:0000fea0       ?Init@KafkaConsumer@NodeKafka@@SAXV?$Local@VObject@v8@@@v8@@@Z 0000000180010ea0 f   kafka-consumer.obj
 0001:000102a0       ?New@KafkaConsumer@NodeKafka@@KAXAEBV?$FunctionCallbackInfo@VValue@v8@@@Nan@@@Z 00000001800112a0 f   kafka-consumer.obj
 0001:00010510       ?NodeCommitted@KafkaConsumer@NodeKafka@@CAXAEBV?$FunctionCallbackInfo@VValue@v8@@@Nan@@@Z 0000000180011510 f   kafka-consumer.obj
 0001:000107c0       ?NodeSubscription@KafkaConsumer@NodeKafka@@CAXAEBV?$FunctionCallbackInfo@VValue@v8@@@Nan@@@Z 00000001800117c0 f   kafka-consumer.obj
 0001:00010920       ?NodePosition@KafkaConsumer@NodeKafka@@CAXAEBV?$FunctionCallbackInfo@VValue@v8@@@Nan@@@Z 0000000180011920 f   kafka-consumer.obj
 0001:00010b20       ?NodeAssignments@KafkaConsumer@NodeKafka@@CAXAEBV?$FunctionCallbackInfo@VValue@v8@@@Nan@@@Z 0000000180011b20 f   kafka-consumer.obj
 0001:00010c40       ?NodeAssign@KafkaConsumer@NodeKafka@@CAXAEBV?$FunctionCallbackInfo@VValue@v8@@@Nan@@@Z 0000000180011c40 f   kafka-consumer.obj
 0001:000111e0       ?NodeUnassign@KafkaConsumer@NodeKafka@@CAXAEBV?$FunctionCallbackInfo@VValue@v8@@@Nan@@@Z 00000001800121e0 f   kafka-consumer.obj
 0001:00011300       ?NodeUnsubscribe@KafkaConsumer@NodeKafka@@CAXAEBV?$FunctionCallbackInfo@VValue@v8@@@Nan@@@Z 0000000180012300 f   kafka-consumer.obj
 0001:000113d0       ?NodeCommit@KafkaConsumer@NodeKafka@@CAXAEBV?$FunctionCallbackInfo@VValue@v8@@@Nan@@@Z 00000001800123d0 f   kafka-consumer.obj
 0001:00011700       ?NodeCommitSync@KafkaConsumer@NodeKafka@@CAXAEBV?$FunctionCallbackInfo@VValue@v8@@@Nan@@@Z 0000000180012700 f   kafka-consumer.obj
 0001:000119e0       ?NodeSubscribe@KafkaConsumer@NodeKafka@@CAXAEBV?$FunctionCallbackInfo@VValue@v8@@@Nan@@@Z 00000001800129e0 f   kafka-consumer.obj
 0001:00011bc0       ?NodeSeek@KafkaConsumer@NodeKafka@@CAXAEBV?$FunctionCallbackInfo@VValue@v8@@@Nan@@@Z 0000000180012bc0 f   kafka-consumer.obj
 0001:00011ed0       ?NodeOffsetsStore@KafkaConsumer@NodeKafka@@CAXAEBV?$FunctionCallbackInfo@VValue@v8@@@Nan@@@Z 0000000180012ed0 f   kafka-consumer.obj
 0001:00012090       ?NodePause@KafkaConsumer@NodeKafka@@CAXAEBV?$FunctionCallbackInfo@VValue@v8@@@Nan@@@Z 0000000180013090 f   kafka-consumer.obj
 0001:00012250       ?NodeResume@KafkaConsumer@NodeKafka@@CAXAEBV?$FunctionCallbackInfo@VValue@v8@@@Nan@@@Z 0000000180013250 f   kafka-consumer.obj
 0001:00012460       ?NodeConsumeLoop@KafkaConsumer@NodeKafka@@CAXAEBV?$FunctionCallbackInfo@VValue@v8@@@Nan@@@Z 0000000180013460 f   kafka-consumer.obj
 0001:000126f0       ?NodeConsume@KafkaConsumer@NodeKafka@@CAXAEBV?$FunctionCallbackInfo@VValue@v8@@@Nan@@@Z 00000001800136f0 f   kafka-consumer.obj
 0001:00012b00       ?NodeConnect@KafkaConsumer@NodeKafka@@CAXAEBV?$FunctionCallbackInfo@VValue@v8@@@Nan@@@Z 0000000180013b00 f   kafka-consumer.obj
 0001:00012cc0       ?NodeDisconnect@KafkaConsumer@NodeKafka@@CAXAEBV?$FunctionCallbackInfo@VValue@v8@@@Nan@@@Z 0000000180013cc0 f   kafka-consumer.obj
 0001:00012e80       ?NodeGetWatermarkOffsets@KafkaConsumer@NodeKafka@@CAXAEBV?$FunctionCallbackInfo@VValue@v8@@@Nan@@@Z 0000000180013e80 f   kafka-consumer.obj
 0001:00013370       ??0?$vector@V?$basic_string@DU?$char_traits@D@std@@V?$allocator@D@2@@std@@V?$allocator@V?$basic_string@DU?$char_traits@D@std@@V?$allocator@D@2@@std@@@2@@std@@QEAA@AEBV01@@Z 0000000180014370 f i kafka-consumer.obj
 0001:00013470       ??$_Insert@PEBQEAVTopicPartition@RdKafka@@@?$vector@PEAVTopicPartition@RdKafka@@V?$allocator@PEAVTopicPartition@RdKafka@@@std@@@std@@QEAAXV?$_Vector_const_iterator@V?$_Vector_val@U?$_Simple_types@PEAVTopicPartition@RdKafka@@@std@@@std@@@1@PEBQEAVTopicPartition@RdKafka@@1Uforward_iterator_tag@1@@Z 0000000180014470 f i kafka-consumer.obj
 0001:00013620       ??$_Rotate@PEAPEAVTopicPartition@RdKafka@@_JPEAV12@@std@@YAXPEAPEAVTopicPartition@RdKafka@@00PEA_J0@Z 0000000180014620 f i kafka-consumer.obj
 0001:000136e0       ??0Producer@NodeKafka@@IEAA@PEAVConf@1@0@Z 00000001800146e0 f   producer.obj
 0001:00013870       ??_EProducer@NodeKafka@@MEAAPEAXI@Z 0000000180014870 f i * CIL library *:* CIL module *
 0001:00013870       ??_GProducer@NodeKafka@@MEAAPEAXI@Z 0000000180014870 f i producer.obj
 0001:000138a0       ??1Producer@NodeKafka@@MEAA@XZ 00000001800148a0 f   producer.obj
 0001:000139b0       ?Init@Producer@NodeKafka@@SAXV?$Local@VObject@v8@@@v8@@@Z 00000001800149b0 f   producer.obj
 0001:00013c90       ?New@Producer@NodeKafka@@KAXAEBV?$FunctionCallbackInfo@VValue@v8@@@Nan@@@Z 0000000180014c90 f   producer.obj
 0001:00013f00       ?Connect@Producer@NodeKafka@@QEAA?AVBaton@2@XZ 0000000180014f00 f   producer.obj
 0001:000140e0       ?ActivateDispatchers@Producer@NodeKafka@@UEAAXXZ 00000001800150e0 f   producer.obj
 0001:00014180       ?DeactivateDispatchers@Producer@NodeKafka@@UEAAXXZ 0000000180015180 f   producer.obj
 0001:000141d0       ?Produce@Producer@NodeKafka@@QEAA?AVBaton@2@PEAX_KPEAVTopic@RdKafka@@HPEBX10@Z 00000001800151d0 f   producer.obj
 0001:00014310       ?Produce@Producer@NodeKafka@@QEAA?AVBaton@2@PEAX_KV?$basic_string@DU?$char_traits@D@std@@V?$allocator@D@2@@std@@HPEBX1_J0@Z 0000000180015310 f   producer.obj
 0001:000144c0       ?NodeProduce@Producer@NodeKafka@@CAXAEBV?$FunctionCallbackInfo@VValue@v8@@@Nan@@@Z 00000001800154c0 f   producer.obj
 0001:00014e50       ?NodeOnDelivery@Producer@NodeKafka@@CAXAEBV?$FunctionCallbackInfo@VValue@v8@@@Nan@@@Z 0000000180015e50 f   producer.obj
 0001:00014fd0       ?NodeSetPartitioner@Producer@NodeKafka@@CAXAEBV?$FunctionCallbackInfo@VValue@v8@@@Nan@@@Z 0000000180015fd0 f   producer.obj
 0001:000150c0       ?NodeConnect@Producer@NodeKafka@@CAXAEBV?$FunctionCallbackInfo@VValue@v8@@@Nan@@@Z 00000001800160c0 f   producer.obj
 0001:00015280       ?NodePoll@Producer@NodeKafka@@CAXAEBV?$FunctionCallbackInfo@VValue@v8@@@Nan@@@Z 0000000180016280 f   producer.obj
 0001:00015330       ?Flush@Producer@NodeKafka@@QEAA?AVBaton@2@H@Z 0000000180016330 f   producer.obj
 0001:00015410       ?NodeFlush@Producer@NodeKafka@@CAXAEBV?$FunctionCallbackInfo@VValue@v8@@@Nan@@@Z 0000000180016410 f   producer.obj
 0001:00015670       ?NodeDisconnect@Producer@NodeKafka@@CAXAEBV?$FunctionCallbackInfo@VValue@v8@@@Nan@@@Z 0000000180016670 f   producer.obj
 0001:00015830       ??0Topic@NodeKafka@@AEAA@V?$basic_string@DU?$char_traits@D@std@@V?$allocator@D@2@@std@@PEAVConf@RdKafka@@@Z 0000000180016830 f   topic.obj
 0001:000158c0       ??_ETopic@NodeKafka@@EEAAPEAXI@Z 00000001800168c0 f i * CIL library *:* CIL module *
 0001:000158c0       ??_GTopic@NodeKafka@@EEAAPEAXI@Z 00000001800168c0 f i topic.obj
 0001:000158f0       ??1Topic@NodeKafka@@EEAA@XZ 00000001800168f0 f   topic.obj
 0001:00015970       ?Init@Topic@NodeKafka@@SAXV?$Local@VObject@v8@@@v8@@@Z 0000000180016970 f   topic.obj
 0001:00015b80       ?New@Topic@NodeKafka@@KAXAEBV?$FunctionCallbackInfo@VValue@v8@@@Nan@@@Z 0000000180016b80 f   topic.obj
 0001:00015f50       ?NodeGetName@Topic@NodeKafka@@CAXAEBV?$FunctionCallbackInfo@VValue@v8@@@Nan@@@Z 0000000180016f50 f   topic.obj
 0001:000160e0       ?Call@Callback@Nan@@QEBA?AV?$MaybeLocal@VValue@v8@@@v8@@HQEAV?$Local@VValue@v8@@@4@PEAVAsyncResource@2@@Z 00000001800170e0 f i workers.obj
 0001:000161e0       ??0AsyncWorker@Nan@@QEAA@PEAVCallback@1@PEBD@Z 00000001800171e0 f i workers.obj
 0001:000162b0       ??1AsyncWorker@Nan@@UEAA@XZ 00000001800172b0 f i workers.obj
 0001:00016360       ?WorkComplete@AsyncWorker@Nan@@UEAAXXZ 0000000180017360 f i workers.obj
 0001:000163f0       ?Destroy@AsyncWorker@Nan@@UEAAXXZ 00000001800173f0 f i workers.obj
 0001:00016410       ?HandleOKCallback@AsyncWorker@Nan@@MEAAXXZ 0000000180017410 f i workers.obj
 0001:00016460       ?HandleErrorCallback@AsyncWorker@Nan@@MEAAXXZ 0000000180017460 f i workers.obj
 0001:000165d0       ??_EAsyncWorker@Nan@@UEAAPEAXI@Z 00000001800175d0 f i * CIL library *:* CIL module *
 0001:000165d0       ??_GAsyncWorker@Nan@@UEAAPEAXI@Z 00000001800175d0 f i workers.obj
 0001:00016600       ?HandleErrorCallback@KafkaConsumerConnect@Workers@NodeKafka@@UEAAXXZ 0000000180017600 f i workers.obj
 0001:00016600       ?HandleErrorCallback@KafkaConsumerConsumeLoop@Workers@NodeKafka@@UEAAXXZ 0000000180017600 f i workers.obj
 0001:00016600       ?HandleErrorCallback@ErrorAwareWorker@Workers@NodeKafka@@UEAAXXZ 0000000180017600 f i workers.obj
 0001:000167a0       ?SetErrorBaton@ErrorAwareWorker@Workers@NodeKafka@@IEAAXAEBVBaton@3@@Z 00000001800177a0 f i workers.obj
 0001:000168b0       ??_EProducerDisconnect@Workers@NodeKafka@@UEAAPEAXI@Z 00000001800178b0 f i * CIL library *:* CIL module *
 0001:000168b0       ??_GErrorAwareWorker@Workers@NodeKafka@@UEAAPEAXI@Z 00000001800178b0 f i workers.obj
 0001:000168b0       ??_GProducerDisconnect@Workers@NodeKafka@@UEAAPEAXI@Z 00000001800178b0 f i workers.obj
 0001:000168b0       ??_GKafkaConsumerConnect@Workers@NodeKafka@@UEAAPEAXI@Z 00000001800178b0 f i workers.obj
 0001:000168b0       ??_GProducerFlush@Workers@NodeKafka@@UEAAPEAXI@Z 00000001800178b0 f i workers.obj
 0001:000168b0       ??_GKafkaConsumerConsume@Workers@NodeKafka@@UEAAPEAXI@Z 00000001800178b0 f i workers.obj
 0001:000168b0       ??_GKafkaConsumerDisconnect@Workers@NodeKafka@@UEAAPEAXI@Z 00000001800178b0 f i workers.obj
 0001:000168b0       ??_EKafkaConsumerConsume@Workers@NodeKafka@@UEAAPEAXI@Z 00000001800178b0 f i * CIL library *:* CIL module *
 0001:000168b0       ??_EProducerConnect@Workers@NodeKafka@@UEAAPEAXI@Z 00000001800178b0 f i * CIL library *:* CIL module *
 0001:000168b0       ??_GProducerConnect@Workers@NodeKafka@@UEAAPEAXI@Z 00000001800178b0 f i workers.obj
 0001:000168b0       ??_EKafkaConsumerConnect@Workers@NodeKafka@@UEAAPEAXI@Z 00000001800178b0 f i * CIL library *:* CIL module *
 0001:000168b0       ??_EProducerFlush@Workers@NodeKafka@@UEAAPEAXI@Z 00000001800178b0 f i * CIL library *:* CIL module *
 0001:000168b0       ??_EErrorAwareWorker@Workers@NodeKafka@@UEAAPEAXI@Z 00000001800178b0 f i * CIL library *:* CIL module *
 0001:000168b0       ??_EKafkaConsumerDisconnect@Workers@NodeKafka@@UEAAPEAXI@Z 00000001800178b0 f i * CIL library *:* CIL module *
 0001:00016920       ??0MessageWorker@Workers@NodeKafka@@QEAA@PEAVCallback@Nan@@@Z 0000000180017920 f i workers.obj
 0001:000169d0       ??1MessageWorker@Workers@NodeKafka@@UEAA@XZ 00000001800179d0 f i workers.obj
 0001:00016a70       ?WorkMessage@MessageWorker@Workers@NodeKafka@@QEAAXXZ 0000000180017a70 f i workers.obj
 0001:00016b40       ?Destroy@MessageWorker@Workers@NodeKafka@@UEAAXXZ 0000000180017b40 f i workers.obj
 0001:00016b60       ?Execute@MessageWorker@Workers@NodeKafka@@EEAAXXZ 0000000180017b60 f i workers.obj
 0001:00016b80       ?Produce_@MessageWorker@Workers@NodeKafka@@AEAAXPEAVMessage@RdKafka@@@Z 0000000180017b80 f i workers.obj
 0001:00016c50       ?m_async_message@MessageWorker@Workers@NodeKafka@@CAXPEAUuv_async_s@@@Z 0000000180017c50 f i workers.obj
 0001:00016c60       ?AsyncClose_@MessageWorker@Workers@NodeKafka@@CAXPEAUuv_handle_s@@@Z 0000000180017c60 f i workers.obj
 0001:00016c90       ??_GMessageWorker@Workers@NodeKafka@@UEAAPEAXI@Z 0000000180017c90 f i workers.obj
 0001:00016c90       ??_EMessageWorker@Workers@NodeKafka@@UEAAPEAXI@Z 0000000180017c90 f i * CIL library *:* CIL module *
 0001:00016cc0       ??_EOffsetsForTimes@Handle@Workers@NodeKafka@@UEAAPEAXI@Z 0000000180017cc0 f i * CIL library *:* CIL module *
 0001:00016cc0       ??_GOffsetsForTimes@Handle@Workers@NodeKafka@@UEAAPEAXI@Z 0000000180017cc0 f i workers.obj
 0001:00016cf0       ??1OffsetsForTimes@Handle@Workers@NodeKafka@@UEAA@XZ 0000000180017cf0 f   workers.obj
 0001:00016da0       ?Execute@OffsetsForTimes@Handle@Workers@NodeKafka@@UEAAXXZ 0000000180017da0 f   workers.obj
 0001:00016e10       ?HandleOKCallback@KafkaConsumerCommitted@Workers@NodeKafka@@UEAAXXZ 0000000180017e10 f   workers.obj
 0001:00016e10       ?HandleOKCallback@OffsetsForTimes@Handle@Workers@NodeKafka@@UEAAXXZ 0000000180017e10 f   workers.obj
 0001:00016f50       ?HandleErrorCallback@OffsetsForTimes@Handle@Workers@NodeKafka@@UEAAXXZ 0000000180017f50 f   workers.obj
 0001:00016f50       ?HandleErrorCallback@ConnectionMetadata@Workers@NodeKafka@@UEAAXXZ 0000000180017f50 f   workers.obj
 0001:00016f50       ?HandleErrorCallback@ConnectionQueryWatermarkOffsets@Workers@NodeKafka@@UEAAXXZ 0000000180017f50 f   workers.obj
 0001:00016f50       ?HandleErrorCallback@KafkaConsumerCommitted@Workers@NodeKafka@@UEAAXXZ 0000000180017f50 f   workers.obj
 0001:00016f50       ?HandleErrorCallback@KafkaConsumerConsume@Workers@NodeKafka@@UEAAXXZ 0000000180017f50 f   workers.obj
 0001:00016f50       ?HandleErrorCallback@KafkaConsumerSeek@Workers@NodeKafka@@UEAAXXZ 0000000180017f50 f   workers.obj
 0001:00016f50       ?HandleErrorCallback@ProducerConnect@Workers@NodeKafka@@UEAAXXZ 0000000180017f50 f   workers.obj
 0001:000170e0       ??0ConnectionMetadata@Workers@NodeKafka@@QEAA@PEAVCallback@Nan@@PEAVConnection@2@V?$basic_string@DU?$char_traits@D@std@@V?$allocator@D@2@@std@@H_N@Z 00000001800180e0 f   workers.obj
 0001:000171a0       ??_GConnectionMetadata@Workers@NodeKafka@@UEAAPEAXI@Z 00000001800181a0 f i workers.obj
 0001:000171a0       ??_EConnectionMetadata@Workers@NodeKafka@@UEAAPEAXI@Z 00000001800181a0 f i * CIL library *:* CIL module *
 0001:000171d0       ??1ConnectionMetadata@Workers@NodeKafka@@UEAA@XZ 00000001800181d0 f   workers.obj
 0001:00017260       ?Execute@ConnectionMetadata@Workers@NodeKafka@@UEAAXXZ 0000000180018260 f   workers.obj
 0001:00017330       ?HandleOKCallback@ConnectionMetadata@Workers@NodeKafka@@UEAAXXZ 0000000180018330 f   workers.obj
 0001:00017490       ??0ConnectionQueryWatermarkOffsets@Workers@NodeKafka@@QEAA@PEAVCallback@Nan@@PEAVConnection@2@V?$basic_string@DU?$char_traits@D@std@@V?$allocator@D@2@@std@@HH@Z 0000000180018490 f   workers.obj
 0001:00017550       ??_GConnectionQueryWatermarkOffsets@Workers@NodeKafka@@UEAAPEAXI@Z 0000000180018550 f i workers.obj
 0001:00017550       ??_EConnectionQueryWatermarkOffsets@Workers@NodeKafka@@UEAAPEAXI@Z 0000000180018550 f i * CIL library *:* CIL module *
 0001:00017580       ??1ConnectionQueryWatermarkOffsets@Workers@NodeKafka@@UEAA@XZ 0000000180018580 f   workers.obj
 0001:00017610       ?Execute@ConnectionQueryWatermarkOffsets@Workers@NodeKafka@@UEAAXXZ 0000000180018610 f   workers.obj
 0001:000176f0       ?HandleOKCallback@ConnectionQueryWatermarkOffsets@Workers@NodeKafka@@UEAAXXZ 00000001800186f0 f   workers.obj
 0001:00017980       ?Execute@ProducerConnect@Workers@NodeKafka@@UEAAXXZ 0000000180018980 f   workers.obj
 0001:000179f0       ?HandleOKCallback@KafkaConsumerConnect@Workers@NodeKafka@@UEAAXXZ 00000001800189f0 f   workers.obj
 0001:000179f0       ?HandleOKCallback@ProducerConnect@Workers@NodeKafka@@UEAAXXZ 00000001800189f0 f   workers.obj
 0001:00017d80       ?Execute@ProducerDisconnect@Workers@NodeKafka@@UEAAXXZ 0000000180018d80 f   workers.obj
 0001:00017df0       ?HandleOKCallback@KafkaConsumerDisconnect@Workers@NodeKafka@@UEAAXXZ 0000000180018df0 f   workers.obj
 0001:00017df0       ?HandleOKCallback@ProducerDisconnect@Workers@NodeKafka@@UEAAXXZ 0000000180018df0 f   workers.obj
 0001:00017f30       ?HandleErrorCallback@ProducerDisconnect@Workers@NodeKafka@@UEAAXXZ 0000000180018f30 f   workers.obj
 0001:00017f50       ?Execute@ProducerFlush@Workers@NodeKafka@@UEAAXXZ 0000000180018f50 f   workers.obj
 0001:00018020       ?HandleOKCallback@ProducerFlush@Workers@NodeKafka@@UEAAXXZ 0000000180019020 f   workers.obj
 0001:00018140       ?Execute@KafkaConsumerConnect@Workers@NodeKafka@@UEAAXXZ 0000000180019140 f   workers.obj
 0001:000181b0       ?Execute@KafkaConsumerDisconnect@Workers@NodeKafka@@UEAAXXZ 00000001800191b0 f   workers.obj
 0001:00018220       ?HandleErrorCallback@KafkaConsumerDisconnect@Workers@NodeKafka@@UEAAXXZ 0000000180019220 f   workers.obj
 0001:000183b0       ??_EKafkaConsumerConsumeLoop@Workers@NodeKafka@@UEAAPEAXI@Z 00000001800193b0 f i * CIL library *:* CIL module *
 0001:000183b0       ??_GKafkaConsumerConsumeLoop@Workers@NodeKafka@@UEAAPEAXI@Z 00000001800193b0 f i workers.obj
 0001:000183f0       ?Execute@KafkaConsumerConsumeLoop@Workers@NodeKafka@@UEAAXAEBVExecutionMessageBus@MessageWorker@23@@Z 00000001800193f0 f   workers.obj
 0001:000184f0       ?HandleMessageCallback@KafkaConsumerConsumeLoop@Workers@NodeKafka@@UEAAXPEAVMessage@RdKafka@@@Z 00000001800194f0 f   workers.obj
 0001:00018650       ?HandleOKCallback@KafkaConsumerConsumeLoop@Workers@NodeKafka@@UEAAXXZ 0000000180019650 f   workers.obj
 0001:00018680       ??_EKafkaConsumerConsumeNum@Workers@NodeKafka@@UEAAPEAXI@Z 0000000180019680 f i * CIL library *:* CIL module *
 0001:00018680       ??_GKafkaConsumerConsumeNum@Workers@NodeKafka@@UEAAPEAXI@Z 0000000180019680 f i workers.obj
 0001:000186b0       ??1KafkaConsumerConsumeNum@Workers@NodeKafka@@UEAA@XZ 00000001800196b0 f   workers.obj
 0001:00018740       ?Execute@KafkaConsumerConsumeNum@Workers@NodeKafka@@UEAAXXZ 0000000180019740 f   workers.obj
 0001:000188e0       ?HandleOKCallback@KafkaConsumerConsumeNum@Workers@NodeKafka@@UEAAXXZ 00000001800198e0 f   workers.obj
 0001:00018ab0       ?HandleErrorCallback@KafkaConsumerConsumeNum@Workers@NodeKafka@@UEAAXXZ 0000000180019ab0 f   workers.obj
 0001:00018c80       ?Execute@KafkaConsumerConsume@Workers@NodeKafka@@UEAAXXZ 0000000180019c80 f   workers.obj
 0001:00018d00       ?HandleOKCallback@KafkaConsumerConsume@Workers@NodeKafka@@UEAAXXZ 0000000180019d00 f   workers.obj
 0001:00018e60       ??_EKafkaConsumerCommitted@Workers@NodeKafka@@UEAAPEAXI@Z 0000000180019e60 f i * CIL library *:* CIL module *
 0001:00018e60       ??_GKafkaConsumerCommitted@Workers@NodeKafka@@UEAAPEAXI@Z 0000000180019e60 f i workers.obj
 0001:00018e90       ??1KafkaConsumerCommitted@Workers@NodeKafka@@UEAA@XZ 0000000180019e90 f   workers.obj
 0001:00018f40       ?Execute@KafkaConsumerCommitted@Workers@NodeKafka@@UEAAXXZ 0000000180019f40 f   workers.obj
 0001:00018fb0       ??_EKafkaConsumerSeek@Workers@NodeKafka@@UEAAPEAXI@Z 0000000180019fb0 f i * CIL library *:* CIL module *
 0001:00018fb0       ??_GKafkaConsumerSeek@Workers@NodeKafka@@UEAAPEAXI@Z 0000000180019fb0 f i workers.obj
 0001:00018fe0       ??1KafkaConsumerSeek@Workers@NodeKafka@@UEAA@XZ 0000000180019fe0 f   workers.obj
 0001:00019060       ?Execute@KafkaConsumerSeek@Workers@NodeKafka@@UEAAXXZ 000000018001a060 f   workers.obj
 0001:000190d0       ?HandleOKCallback@KafkaConsumerSeek@Workers@NodeKafka@@UEAAXXZ 000000018001a0d0 f   workers.obj
 0001:0001924c       __imp_load_?AtExit@node@@YAXP6AXPEAX@Z0@Z 000000018001a24c f   node:node.exe
 0001:00019258       __tailMerge_node_exe       000000018001a258 f i node:node.exe
 0001:000192d1       __imp_load_node_module_register 000000018001a2d1 f   node:node.exe
 0001:000192dd       __imp_load_?ToLocalEmpty@V8@v8@@CAXXZ 000000018001a2dd f   node:node.exe
 0001:000192e9       __imp_load_?FromJustIsNothing@V8@v8@@CAXXZ 000000018001a2e9 f   node:node.exe
 0001:000192f5       __imp_load_?Escape@EscapableHandleScope@v8@@AEAAPEAPEAVObject@internal@2@PEAPEAV342@@Z 000000018001a2f5 f   node:node.exe
 0001:00019301       __imp_load_??0EscapableHandleScope@v8@@QEAA@PEAVIsolate@1@@Z 000000018001a301 f   node:node.exe
 0001:0001930d       __imp_load_?Int32Value@Value@v8@@QEBA?AV?$Maybe@H@2@V?$Local@VContext@v8@@@2@@Z 000000018001a30d f   node:node.exe
 0001:00019319       __imp_load_?GetFunction@FunctionTemplate@v8@@QEAA?AV?$MaybeLocal@VFunction@v8@@@2@V?$Local@VContext@v8@@@2@@Z 000000018001a319 f   node:node.exe
 0001:00019325       __imp_load_?New@FunctionTemplate@v8@@SA?AV?$Local@VFunctionTemplate@v8@@@2@PEAVIsolate@2@P6AXAEBV?$FunctionCallbackInfo@VValue@v8@@@2@@ZV?$Local@VValue@v8@@@2@V?$Local@VSignature@v8@@@2@HW4ConstructorBehavior@2@@Z 000000018001a325 f   node:node.exe
 0001:00019331       __imp_load_?NewFromUtf8@String@v8@@SA?AV?$Local@VString@v8@@@2@PEAVIsolate@2@PEBDW4NewStringType@12@H@Z 000000018001a331 f   node:node.exe
 0001:0001933d       __imp_load_?NewFromUtf8@String@v8@@SA?AV?$MaybeLocal@VString@v8@@@2@PEAVIsolate@2@PEBDW4NewStringType@2@H@Z 000000018001a33d f   node:node.exe
 0001:00019349       __imp_load_?CreateHandle@HandleScope@v8@@KAPEAPEAVObject@internal@2@PEAVIsolate@42@PEAV342@@Z 000000018001a349 f   node:node.exe
 0001:00019355       __imp_load_?CreateHandle@HandleScope@v8@@CAPEAPEAVObject@internal@2@PEAVHeapObject@42@PEAV342@@Z 000000018001a355 f   node:node.exe
 0001:00019361       __imp_load_??1HandleScope@v8@@QEAA@XZ 000000018001a361 f   node:node.exe
 0001:0001936d       __imp_load_??0HandleScope@v8@@QEAA@PEAVIsolate@1@@Z 000000018001a36d f   node:node.exe
 0001:00019379       __imp_load_?New@Number@v8@@SA?AV?$Local@VNumber@v8@@@2@PEAVIsolate@2@N@Z 000000018001a379 f   node:node.exe
 0001:00019385       __imp_load_?SlowGetInternalField@Object@v8@@AEAA?AV?$Local@VValue@v8@@@2@H@Z 000000018001a385 f   node:node.exe
 0001:00019391       __imp_load_?New@Object@v8@@SA?AV?$Local@VObject@v8@@@2@PEAVIsolate@2@@Z 000000018001a391 f   node:node.exe
 0001:0001939d       __imp_load_?GetIsolate@Object@v8@@QEAAPEAVIsolate@2@XZ 000000018001a39d f   node:node.exe
 0001:000193a9       __imp_load_?SetInternalField@Object@v8@@QEAAXHV?$Local@VValue@v8@@@2@@Z 000000018001a3a9 f   node:node.exe
 0001:000193b5       __imp_load_?DefineOwnProperty@Object@v8@@QEAA?AV?$Maybe@_N@2@V?$Local@VContext@v8@@@2@V?$Local@VName@v8@@@2@V?$Local@VValue@v8@@@2@W4PropertyAttribute@2@@Z 000000018001a3b5 f   node:node.exe
 0001:000193c1       __imp_load_?Set@Object@v8@@QEAA_NV?$Local@VValue@v8@@@2@0@Z 000000018001a3c1 f   node:node.exe
 0001:000193cd       __imp_load_?SetInternalFieldCount@ObjectTemplate@v8@@QEAAXH@Z 000000018001a3cd f   node:node.exe
 0001:000193d9       __imp_load_?NewInstance@ObjectTemplate@v8@@QEAA?AV?$MaybeLocal@VObject@v8@@@2@V?$Local@VContext@v8@@@2@@Z 000000018001a3d9 f   node:node.exe
 0001:000193e5       __imp_load_?New@ObjectTemplate@v8@@SA?AV?$Local@VObjectTemplate@v8@@@2@PEAVIsolate@2@V?$Local@VFunctionTemplate@v8@@@2@@Z 000000018001a3e5 f   node:node.exe
 0001:000193f1       __imp_load_?GetCurrentContext@Isolate@v8@@QEAA?AV?$Local@VContext@v8@@@2@XZ 000000018001a3f1 f   node:node.exe
 0001:000193fd       __imp_load_?GetCurrent@Isolate@v8@@SAPEAV12@XZ 000000018001a3fd f   node:node.exe
 0001:00019409       __imp_load_?Value@External@v8@@QEBAPEAXXZ 000000018001a409 f   node:node.exe
 0001:00019415       __imp_load_?New@External@v8@@SA?AV?$Local@VExternal@v8@@@2@PEAVIsolate@2@PEAX@Z 000000018001a415 f   node:node.exe
 0001:00019421       __imp_load_?New@Buffer@node@@YA?AV?$MaybeLocal@VObject@v8@@@v8@@PEAVIsolate@4@PEAD_K@Z 000000018001a421 f   node:node.exe
 0001:0001942d       __imp_load_?MakeCallback@node@@YA?AV?$Local@VValue@v8@@@v8@@PEAVIsolate@3@V?$Local@VObject@v8@@@3@V?$Local@VFunction@v8@@@3@HPEAV23@@Z 000000018001a42d f   node:node.exe
 0001:00019439       __imp_load_uv_default_loop 000000018001a439 f   node:node.exe
 0001:00019445       __imp_load_?Global@Context@v8@@QEAA?AV?$Local@VObject@v8@@@2@XZ 000000018001a445 f   node:node.exe
 0001:00019451       __imp_load_?DisposeGlobal@V8@v8@@CAXPEAPEAVObject@internal@2@@Z 000000018001a451 f   node:node.exe
 0001:0001945d       __imp_load_?CopyPersistent@V8@v8@@CAPEAPEAVObject@internal@2@PEAPEAV342@@Z 000000018001a45d f   node:node.exe
 0001:00019469       __imp_load_?GlobalizeReference@V8@v8@@CAPEAPEAVObject@internal@2@PEAVIsolate@42@PEAPEAV342@@Z 000000018001a469 f   node:node.exe
 0001:00019475       __imp_load_?ToInt32@Value@v8@@QEBA?AV?$MaybeLocal@VInt32@v8@@@2@V?$Local@VContext@v8@@@2@@Z 000000018001a475 f   node:node.exe
 0001:00019481       __imp_load_?Error@Exception@v8@@SA?AV?$Local@VValue@v8@@@2@V?$Local@VString@v8@@@2@@Z 000000018001a481 f   node:node.exe
 0001:0001948d       __imp_load_?New@Array@v8@@SA?AV?$Local@VArray@v8@@@2@PEAVIsolate@2@H@Z 000000018001a48d f   node:node.exe
 0001:00019499       __imp_load_?Set@Object@v8@@QEAA?AV?$Maybe@_N@2@V?$Local@VContext@v8@@@2@V?$Local@VValue@v8@@@2@1@Z 000000018001a499 f   node:node.exe
 0001:000194a5       __imp_load_?Set@Object@v8@@QEAA_NIV?$Local@VValue@v8@@@2@@Z 000000018001a4a5 f   node:node.exe
 0001:000194b1       __imp_load_?New@Integer@v8@@SA?AV?$Local@VInteger@v8@@@2@PEAVIsolate@2@H@Z 000000018001a4b1 f   node:node.exe
 0001:000194bd       __imp_load_uv_mutex_unlock 000000018001a4bd f   node:node.exe
 0001:000194c9       __imp_load_uv_mutex_lock   000000018001a4c9 f   node:node.exe
 0001:000194d5       __imp_load_uv_async_send   000000018001a4d5 f   node:node.exe
 0001:000194e1       __imp_load_uv_mutex_destroy 000000018001a4e1 f   node:node.exe
 0001:000194ed       __imp_load_uv_async_init   000000018001a4ed f   node:node.exe
 0001:000194f9       __imp_load_uv_close        000000018001a4f9 f   node:node.exe
 0001:00019505       __imp_load_uv_mutex_init   000000018001a505 f   node:node.exe
 0001:00019511       __imp_load_?Encode@node@@YA?AV?$Local@VValue@v8@@@v8@@PEAVIsolate@3@PEBD_KW4encoding@1@@Z 000000018001a511 f   node:node.exe
 0001:0001951d       __imp_load_?IntegerValue@Value@v8@@QEBA?AV?$Maybe@_J@2@V?$Local@VContext@v8@@@2@@Z 000000018001a51d f   node:node.exe
 0001:00019529       __imp_load_?BooleanValue@Value@v8@@QEBA?AV?$Maybe@_N@2@V?$Local@VContext@v8@@@2@@Z 000000018001a529 f   node:node.exe
 0001:00019535       __imp_load_?ToObject@Value@v8@@QEBA?AV?$MaybeLocal@VObject@v8@@@2@V?$Local@VContext@v8@@@2@@Z 000000018001a535 f   node:node.exe
 0001:00019541       __imp_load_?ToString@Value@v8@@QEBA?AV?$MaybeLocal@VString@v8@@@2@V?$Local@VContext@v8@@@2@@Z 000000018001a541 f   node:node.exe
 0001:0001954d       __imp_load_?IsRegExp@Value@v8@@QEBA_NXZ 000000018001a54d f   node:node.exe
 0001:00019559       __imp_load_?IsNumber@Value@v8@@QEBA_NXZ 000000018001a559 f   node:node.exe
 0001:00019565       __imp_load_?IsBoolean@Value@v8@@QEBA_NXZ 000000018001a565 f   node:node.exe
 0001:00019571       __imp_load_?IsObject@Value@v8@@QEBA_NXZ 000000018001a571 f   node:node.exe
 0001:0001957d       __imp_load_?IsArray@Value@v8@@QEBA_NXZ 000000018001a57d f   node:node.exe
 0001:00019589       __imp_load_?WriteUtf8@String@v8@@QEBAHPEADHPEAHH@Z 000000018001a589 f   node:node.exe
 0001:00019595       __imp_load_?Length@String@v8@@QEBAHXZ 000000018001a595 f   node:node.exe
 0001:000195a1       __imp_load_?Length@Array@v8@@QEBAIXZ 000000018001a5a1 f   node:node.exe
 0001:000195ad       __imp_load_?Has@Object@v8@@QEAA?AV?$Maybe@_N@2@V?$Local@VContext@v8@@@2@V?$Local@VValue@v8@@@2@@Z 000000018001a5ad f   node:node.exe
 0001:000195b9       __imp_load_?Get@Object@v8@@QEAA?AV?$MaybeLocal@VValue@v8@@@2@V?$Local@VContext@v8@@@2@V?$Local@VValue@v8@@@2@@Z 000000018001a5b9 f   node:node.exe
 0001:000195c5       __imp_load_?Get@Object@v8@@QEAA?AV?$Local@VValue@v8@@@2@I@Z 000000018001a5c5 f   node:node.exe
 0001:000195d1       __imp_load_?GetSource@RegExp@v8@@QEBA?AV?$Local@VString@v8@@@2@XZ 000000018001a5d1 f   node:node.exe
 0001:000195dd       __imp_load_?ToString@Value@v8@@QEBA?AV?$Local@VString@v8@@@2@XZ 000000018001a5dd f   node:node.exe
 0001:000195e9       __imp_load_?IsFunction@Value@v8@@QEBA_NXZ 000000018001a5e9 f   node:node.exe
 0001:000195f5       __imp_load_?GetOwnPropertyNames@Object@v8@@QEAA?AV?$Local@VArray@v8@@@2@XZ 000000018001a5f5 f   node:node.exe
 0001:00019601       __imp_load_?Get@Object@v8@@QEAA?AV?$Local@VValue@v8@@@2@V32@@Z 000000018001a601 f   node:node.exe
 0001:0001960d       __imp_load_?GetCurrentEventLoop@node@@YAPEAUuv_loop_s@@PEAVIsolate@v8@@@Z 000000018001a60d f   node:node.exe
 0001:00019619       __imp_load_?ClearWeak@V8@v8@@CAPEAXPEAPEAVObject@internal@2@@Z 000000018001a619 f   node:node.exe
 0001:00019625       __imp_load_?MakeWeak@V8@v8@@CAXPEAPEAVObject@internal@2@PEAXP6AXAEBV?$WeakCallbackInfo@X@2@@ZW4WeakCallbackType@2@@Z 000000018001a625 f   node:node.exe
 0001:00019631       __imp_load_?Uint32Value@Value@v8@@QEBA?AV?$Maybe@I@2@V?$Local@VContext@v8@@@2@@Z 000000018001a631 f   node:node.exe
 0001:0001963d       __imp_load_?SlowGetAlignedPointerFromInternalField@Object@v8@@AEAAPEAXH@Z 000000018001a63d f   node:node.exe
 0001:00019649       __imp_load_?InternalFieldCount@Object@v8@@QEAAHXZ 000000018001a649 f   node:node.exe
 0001:00019655       __imp_load_?ThrowException@Isolate@v8@@QEAA?AV?$Local@VValue@v8@@@2@V32@@Z 000000018001a655 f   node:node.exe
 0001:00019661       __imp_load_uv_rwlock_init  000000018001a661 f   node:node.exe
 0001:0001966d       __imp_load_uv_rwlock_destroy 000000018001a66d f   node:node.exe
 0001:00019679       __imp_load_uv_rwlock_rdunlock 000000018001a679 f   node:node.exe
 0001:00019685       __imp_load_uv_queue_work   000000018001a685 f   node:node.exe
 0001:00019691       __imp_load_uv_rwlock_rdlock 000000018001a691 f   node:node.exe
 0001:0001969d       __imp_load_?New@Signature@v8@@SA?AV?$Local@VSignature@v8@@@2@PEAVIsolate@2@V?$Local@VFunctionTemplate@v8@@@2@@Z 000000018001a69d f   node:node.exe
 0001:000196a9       __imp_load_?SetClassName@FunctionTemplate@v8@@QEAAXV?$Local@VString@v8@@@2@@Z 000000018001a6a9 f   node:node.exe
 0001:000196b5       __imp_load_?PrototypeTemplate@FunctionTemplate@v8@@QEAA?AV?$Local@VObjectTemplate@v8@@@2@XZ 000000018001a6b5 f   node:node.exe
 0001:000196c1       __imp_load_?InstanceTemplate@FunctionTemplate@v8@@QEAA?AV?$Local@VObjectTemplate@v8@@@2@XZ 000000018001a6c1 f   node:node.exe
 0001:000196cd       __imp_load_?GetFunction@FunctionTemplate@v8@@QEAA?AV?$Local@VFunction@v8@@@2@XZ 000000018001a6cd f   node:node.exe
 0001:000196d9       __imp_load_?SetAlignedPointerInInternalField@Object@v8@@QEAAXHPEAX@Z 000000018001a6d9 f   node:node.exe
 0001:000196e5       __imp_load_?Set@Template@v8@@QEAAXV?$Local@VName@v8@@@2@V?$Local@VData@v8@@@2@W4PropertyAttribute@2@@Z 000000018001a6e5 f   node:node.exe
 0001:000196f1       __imp_load_uv_rwlock_wrunlock 000000018001a6f1 f   node:node.exe
 0001:000196fd       __imp_load_uv_rwlock_wrlock 000000018001a6fd f   node:node.exe
 0001:00019709       __imp_load_?ToObject@Value@v8@@QEBA?AV?$Local@VObject@v8@@@2@XZ 000000018001a709 f   node:node.exe
 0001:00019715       __imp_load_?Length@Buffer@node@@YA_KV?$Local@VObject@v8@@@v8@@@Z 000000018001a715 f   node:node.exe
 0001:00019721       __imp_load_?Data@Buffer@node@@YAPEADV?$Local@VObject@v8@@@v8@@@Z 000000018001a721 f   node:node.exe
 0001:0001972d       __imp_load_?HasInstance@Buffer@node@@YA_NV?$Local@VValue@v8@@@v8@@@Z 000000018001a72d f   node:node.exe
 0001:0001973c       ??0bad_alloc@std@@QEAA@AEBV01@@Z 000000018001a73c f i libcpmt:xthrow.obj
 0001:00019760       ??0length_error@std@@QEAA@AEBV01@@Z 000000018001a760 f i libcpmt:xthrow.obj
 0001:00019784       ??0logic_error@std@@QEAA@AEBV01@@Z 000000018001a784 f i libcpmt:xthrow.obj
 0001:000197a8       ??0out_of_range@std@@QEAA@AEBV01@@Z 000000018001a7a8 f i libcpmt:xthrow.obj
 0001:000197cc       ??1bad_alloc@std@@UEAA@XZ  000000018001a7cc f i libcpmt:xthrow.obj
 0001:000197dc       ??1length_error@std@@UEAA@XZ 000000018001a7dc f i libcpmt:xthrow.obj
 0001:000197dc       ??1out_of_range@std@@UEAA@XZ 000000018001a7dc f i libcpmt:xthrow.obj
 0001:000197e4       ??_Gbad_alloc@std@@UEAAPEAXI@Z 000000018001a7e4 f i libcpmt:xthrow.obj
 0001:000197e4       ??_Ebad_alloc@std@@UEAAPEAXI@Z 000000018001a7e4 f i libcpmt:xthrow.obj
 0001:00019820       ??_Elogic_error@std@@UEAAPEAXI@Z 000000018001a820 f i libcpmt:xthrow.obj
 0001:00019820       ??_Gout_of_range@std@@UEAAPEAXI@Z 000000018001a820 f i libcpmt:xthrow.obj
 0001:00019820       ??_Eout_of_range@std@@UEAAPEAXI@Z 000000018001a820 f i libcpmt:xthrow.obj
 0001:00019820       ??_Glogic_error@std@@UEAAPEAXI@Z 000000018001a820 f i libcpmt:xthrow.obj
 0001:00019820       ??_Glength_error@std@@UEAAPEAXI@Z 000000018001a820 f i libcpmt:xthrow.obj
 0001:00019820       ??_Elength_error@std@@UEAAPEAXI@Z 000000018001a820 f i libcpmt:xthrow.obj
 0001:00019850       ?_Xbad_alloc@std@@YAXXZ    000000018001a850 f   libcpmt:xthrow.obj
 0001:00019894       ?_Xlength_error@std@@YAXPEBD@Z 000000018001a894 f   libcpmt:xthrow.obj
 0001:000198cc       ?_Xout_of_range@std@@YAXPEBD@Z 000000018001a8cc f   libcpmt:xthrow.obj
 0001:00019904       ??4?$_Yarn@D@std@@QEAAAEAV01@PEBD@Z 000000018001a904 f i libcpmt:locale0.obj
 0001:0001997c       ??_E_Locimp@locale@std@@MEAAPEAXI@Z 000000018001a97c f i libcpmt:locale0.obj
 0001:0001997c       ??_G_Locimp@locale@std@@MEAAPEAXI@Z 000000018001a97c f i libcpmt:locale0.obj
 0001:000199d4       ?_Facet_Register@std@@YAXPEAV_Facet_base@1@@Z 000000018001a9d4 f   libcpmt:locale0.obj
 0001:00019a08       ?_Getgloballocale@locale@std@@CAPEAV_Locimp@12@XZ 000000018001aa08 f   libcpmt:locale0.obj
 0001:00019a10       ?_Init@locale@std@@CAPEAV_Locimp@12@_N@Z 000000018001aa10 f   libcpmt:locale0.obj
 0001:00019ab0       ?_Locimp_dtor@_Locimp@locale@std@@CAXPEAV123@@Z 000000018001aab0 f   libcpmt:locale0.obj
 0001:00019b28       ?_Locinfo_ctor@_Locinfo@std@@SAXPEAV12@PEBD@Z 000000018001ab28 f   libcpmt:locale0.obj
 0001:00019b94       ?_Locinfo_dtor@_Locinfo@std@@SAXPEAV12@@Z 000000018001ab94 f   libcpmt:locale0.obj
 0001:00019bb8       ?_New_Locimp@_Locimp@locale@std@@CAPEAV123@_N@Z 000000018001abb8 f   libcpmt:locale0.obj
 0001:00019c24       ?_Setgloballocale@locale@std@@CAXPEAX@Z 000000018001ac24 f   libcpmt:locale0.obj
 0001:00019c58       _Deletegloballocale        000000018001ac58 f   libcpmt:locale0.obj
 0001:00019cb8       ??$use_facet@V?$codecvt@DDH@std@@@std@@YAAEBV?$codecvt@DDH@0@AEBVlocale@0@@Z 000000018001acb8 f i libcpmt:cerr.obj
 0001:00019de8       ??0?$basic_ostream@DU?$char_traits@D@std@@@std@@QEAA@PEAV?$basic_streambuf@DU?$char_traits@D@std@@@1@_N@Z 000000018001ade8 f i libcpmt:cerr.obj
 0001:00019e64       ??0?$basic_streambuf@DU?$char_traits@D@std@@@std@@IEAA@XZ 000000018001ae64 f i libcpmt:cerr.obj
 0001:00019f08       ??1?$basic_filebuf@DU?$char_traits@D@std@@@std@@UEAA@XZ 000000018001af08 f i libcpmt:cerr.obj
 0001:00019fc8       ??1?$basic_ios@DU?$char_traits@D@std@@@std@@UEAA@XZ 000000018001afc8 f i libcpmt:cerr.obj
 0001:00019fd8       ??_E?$basic_ostream@DU?$char_traits@D@std@@@std@@$4PPPPPPPM@A@EAAPEAXI@Z 000000018001afd8 f i libcpmt:cerr.obj
 0001:00019fe4       ??_G?$basic_filebuf@DU?$char_traits@D@std@@@std@@UEAAPEAXI@Z 000000018001afe4 f i libcpmt:cerr.obj
 0001:00019fe4       ??_E?$basic_filebuf@DU?$char_traits@D@std@@@std@@UEAAPEAXI@Z 000000018001afe4 f i libcpmt:cerr.obj
 0001:0001a014       ??_G?$basic_ios@DU?$char_traits@D@std@@@std@@UEAAPEAXI@Z 000000018001b014 f i libcpmt:cerr.obj
 0001:0001a014       ??_Eios_base@std@@UEAAPEAXI@Z 000000018001b014 f i libcpmt:cerr.obj
 0001:0001a014       ??_E?$basic_ios@DU?$char_traits@D@std@@@std@@UEAAPEAXI@Z 000000018001b014 f i libcpmt:cerr.obj
 0001:0001a014       ??_Gios_base@std@@UEAAPEAXI@Z 000000018001b014 f i libcpmt:cerr.obj
 0001:0001a050       ??_G?$basic_ostream@DU?$char_traits@D@std@@@std@@UEAAPEAXI@Z 000000018001b050 f i libcpmt:cerr.obj
 0001:0001a050       ??_E?$basic_ostream@DU?$char_traits@D@std@@@std@@UEAAPEAXI@Z 000000018001b050 f i libcpmt:cerr.obj
 0001:0001a0b4       ??_G?$basic_streambuf@DU?$char_traits@D@std@@@std@@UEAAPEAXI@Z 000000018001b0b4 f i libcpmt:cerr.obj
 0001:0001a0b4       ??_E?$basic_streambuf@DU?$char_traits@D@std@@@std@@UEAAPEAXI@Z 000000018001b0b4 f i libcpmt:cerr.obj
 0001:0001a128       ?_Endwrite@?$basic_filebuf@DU?$char_traits@D@std@@@std@@IEAA_NXZ 000000018001b128 f i libcpmt:cerr.obj
 0001:0001a2c4       ?_Getcat@?$codecvt@DDH@std@@SA_KPEAPEBVfacet@locale@2@PEBV42@@Z 000000018001b2c4 f i libcpmt:cerr.obj
 0001:0001a388       ?_Init@?$basic_filebuf@DU?$char_traits@D@std@@@std@@IEAAXPEAU_iobuf@@W4_Initfl@12@@Z 000000018001b388 f i libcpmt:cerr.obj
 0001:0001a434       ?_Init@ios_base@std@@IEAAXXZ 000000018001b434 f i libcpmt:cerr.obj
 0001:0001a4a8       ?_Initcvt@?$basic_filebuf@DU?$char_traits@D@std@@@std@@IEAAXPEBV?$codecvt@DDH@2@@Z 000000018001b4a8 f i libcpmt:cerr.obj
 0001:0001a530       ?_Lock@?$basic_filebuf@DU?$char_traits@D@std@@@std@@UEAAXXZ 000000018001b530 f i libcpmt:cerr.obj
 0001:0001a54c       ?_Unlock@?$basic_filebuf@DU?$char_traits@D@std@@@std@@UEAAXXZ 000000018001b54c f i libcpmt:cerr.obj
 0001:0001a568       ?append@?$basic_string@DU?$char_traits@D@std@@V?$allocator@D@2@@std@@QEAAAEAV12@_KD@Z 000000018001b568 f i libcpmt:cerr.obj
 0001:0001a630       ?do_always_noconv@?$codecvt@DDH@std@@MEBA_NXZ 000000018001b630 f i libcpmt:cerr.obj
 0001:0001a634       ?do_max_length@codecvt_base@std@@MEBAHXZ 000000018001b634 f i libcpmt:cerr.obj
 0001:0001a634       DllMain                    000000018001b634 f i LIBCMT:dllmain.obj
 0001:0001a634       ?do_encoding@codecvt_base@std@@MEBAHXZ 000000018001b634 f i libcpmt:cerr.obj
 0001:0001a63c       ?do_length@?$codecvt@DDH@std@@MEBAHAEAHPEBD1_K@Z 000000018001b63c f i libcpmt:cerr.obj
 0001:0001a650       ?do_out@?$codecvt@DDH@std@@MEBAHAEAHPEBD1AEAPEBDPEAD3AEAPEAD@Z 000000018001b650 f i libcpmt:cerr.obj
 0001:0001a650       ?do_in@?$codecvt@DDH@std@@MEBAHAEAHPEBD1AEAPEBDPEAD3AEAPEAD@Z 000000018001b650 f i libcpmt:cerr.obj
 0001:0001a66c       ?do_unshift@?$codecvt@DDH@std@@MEBAHAEAHPEAD1AEAPEAD@Z 000000018001b66c f i libcpmt:cerr.obj
 0001:0001a678       ?imbue@?$basic_filebuf@DU?$char_traits@D@std@@@std@@MEAAXAEBVlocale@2@@Z 000000018001b678 f i libcpmt:cerr.obj
 0001:0001a69c       ?init@?$basic_ios@DU?$char_traits@D@std@@@std@@IEAAXPEAV?$basic_streambuf@DU?$char_traits@D@std@@@2@_N@Z 000000018001b69c f i libcpmt:cerr.obj
 0001:0001a74c       ?overflow@?$basic_filebuf@DU?$char_traits@D@std@@@std@@MEAAHH@Z 000000018001b74c f i libcpmt:cerr.obj
 0001:0001a994       ?overflow@?$basic_streambuf@DU?$char_traits@D@std@@@std@@MEAAHH@Z 000000018001b994 f i libcpmt:cerr.obj
 0001:0001a994       ?underflow@?$basic_streambuf@DU?$char_traits@D@std@@@std@@MEAAHXZ 000000018001b994 f i libcpmt:cerr.obj
 0001:0001a994       ?pbackfail@?$basic_streambuf@DU?$char_traits@D@std@@@std@@MEAAHH@Z 000000018001b994 f i libcpmt:cerr.obj
 0001:0001a998       ?pbackfail@?$basic_filebuf@DU?$char_traits@D@std@@@std@@MEAAHH@Z 000000018001b998 f i libcpmt:cerr.obj
 0001:0001aa68       ?seekoff@?$basic_filebuf@DU?$char_traits@D@std@@@std@@MEAA?AV?$fpos@H@2@_JHH@Z 000000018001ba68 f i libcpmt:cerr.obj
 0001:0001ab54       ?seekpos@?$basic_filebuf@DU?$char_traits@D@std@@@std@@MEAA?AV?$fpos@H@2@V32@H@Z 000000018001bb54 f i libcpmt:cerr.obj
 0001:0001ac58       ?seekpos@?$basic_streambuf@DU?$char_traits@D@std@@@std@@MEAA?AV?$fpos@H@2@V32@H@Z 000000018001bc58 f i libcpmt:cerr.obj
 0001:0001ac58       ?seekoff@?$basic_streambuf@DU?$char_traits@D@std@@@std@@MEAA?AV?$fpos@H@2@_JHH@Z 000000018001bc58 f i libcpmt:cerr.obj
 0001:0001ac70       ?setbuf@?$basic_filebuf@DU?$char_traits@D@std@@@std@@MEAAPEAV?$basic_streambuf@DU?$char_traits@D@std@@@2@PEAD_J@Z 000000018001bc70 f i libcpmt:cerr.obj
 0001:0001acc4       ?setbuf@?$basic_streambuf@DU?$char_traits@D@std@@@std@@MEAAPEAV12@PEAD_J@Z 000000018001bcc4 f i libcpmt:cerr.obj
 0001:0001acc8       ?sync@?$basic_streambuf@DU?$char_traits@D@std@@@std@@MEAAHXZ 000000018001bcc8 f i libcpmt:cerr.obj
 0001:0001acc8       ?showmanyc@?$basic_streambuf@DU?$char_traits@D@std@@@std@@MEAA_JXZ 000000018001bcc8 f i libcpmt:cerr.obj
 0001:0001acc8       __init_dummy               000000018001bcc8 f i LIBCMT:wsetloca.obj
 0001:0001acc8       __init_collate             000000018001bcc8 f i LIBCMT:initcoll.obj
 0001:0001accc       ?sync@?$basic_filebuf@DU?$char_traits@D@std@@@std@@MEAAHXZ 000000018001bccc f i libcpmt:cerr.obj
 0001:0001ad14       ?uflow@?$basic_filebuf@DU?$char_traits@D@std@@@std@@MEAAHXZ 000000018001bd14 f i libcpmt:cerr.obj
 0001:0001af60       ?uflow@?$basic_streambuf@DU?$char_traits@D@std@@@std@@MEAAHXZ 000000018001bf60 f i libcpmt:cerr.obj
 0001:0001af98       ?underflow@?$basic_filebuf@DU?$char_traits@D@std@@@std@@MEAAHXZ 000000018001bf98 f i libcpmt:cerr.obj
 0001:0001aff0       ?xsgetn@?$basic_streambuf@DU?$char_traits@D@std@@@std@@MEAA_JPEAD_J@Z 000000018001bff0 f i libcpmt:cerr.obj
 0001:0001b0a8       ?xsputn@?$basic_streambuf@DU?$char_traits@D@std@@@std@@MEAA_JPEBD_J@Z 000000018001c0a8 f i libcpmt:cerr.obj
 0001:0001b164       ??0_Init_locks@std@@QEAA@XZ 000000018001c164 f   libcpmt:xlock.obj
 0001:0001b1b0       ??0_Lockit@std@@QEAA@H@Z   000000018001c1b0 f   libcpmt:xlock.obj
 0001:0001b1f0       ??1_Init_locks@std@@QEAA@XZ 000000018001c1f0 f   libcpmt:xlock.obj
 0001:0001b22c       ??1_Lockit@std@@QEAA@XZ    000000018001c22c f   libcpmt:xlock.obj
 0001:0001b264       _Getctype                  000000018001c264 f   libcpmt:_tolower.obj
 0001:0001b2e0       _Tolower                   000000018001c2e0 f   libcpmt:_tolower.obj
 0001:0001b414       _Toupper                   000000018001c414 f   libcpmt:_toupper.obj
 0001:0001b558       ??0_Init_cout@std@@QEAA@XZ 000000018001c558 f i libcpmt:cout.obj
 0001:0001b5c4       ??_U@YAPEAX_K@Z            000000018001c5c4 f   libcpmt:newaop.obj
 0001:0001b5cc       ?_Atexit@@YAXP6AXXZ@Z      000000018001c5cc f   libcpmt:iosptrs.obj
 0001:0001b60c       ?_Addstd@ios_base@std@@SAXPEAV12@@Z 000000018001c60c f   libcpmt:ios.obj
 0001:0001b67c       ?_Ios_base_dtor@ios_base@std@@CAXPEAV12@@Z 000000018001c67c f   libcpmt:ios.obj
 0001:0001b6e0       ?_Tidy@ios_base@std@@AEAAXXZ 000000018001c6e0 f i libcpmt:ios.obj
 0001:0001b750       _Mtxdst                    000000018001c750 f   libcpmt:xmtx.obj
 0001:0001b758       _Mtxinit                   000000018001c758 f   libcpmt:xmtx.obj
 0001:0001b768       _Mtxlock                   000000018001c768 f   libcpmt:xmtx.obj
 0001:0001b770       _Mtxunlock                 000000018001c770 f   libcpmt:xmtx.obj
 0001:0001b790       __security_check_cookie    000000018001c790 f   LIBCMT:amdsecgs.obj
 0001:0001b7c0       memcpy                     000000018001c7c0 f   LIBCMT:memcpy.obj
 0001:0001b7c0       memmove                    000000018001c7c0 f   LIBCMT:memcpy.obj
 0001:0001bd28       _wassert                   000000018001cd28 f   LIBCMT:wassert.obj
 0001:0001c68c       __onexitinit               000000018001d68c f   LIBCMT:onexit.obj
 0001:0001c6d0       _onexit                    000000018001d6d0 f   LIBCMT:onexit.obj
 0001:0001c7dc       atexit                     000000018001d7dc f   LIBCMT:onexit.obj
 0001:0001c7f4       _purecall                  000000018001d7f4 f   LIBCMT:purevirt.obj
 0001:0001c820       ??3@YAXPEAX@Z              000000018001d820 f   LIBCMT:delete.obj
 0001:0001c828       ??8type_info@@QEBA_NAEBV0@@Z 000000018001d828 f   LIBCMT:typinfo.obj
 0001:0001c848       ??_Gtype_info@@UEAAPEAXI@Z 000000018001d848 f i LIBCMT:typinfo.obj
 0001:0001c848       ??_Etype_info@@UEAAPEAXI@Z 000000018001d848 f i LIBCMT:typinfo.obj
 0001:0001c884       ??2@YAPEAX_K@Z             000000018001d884 f   LIBCMT:new.obj
 0001:0001c8f0       malloc                     000000018001d8f0 f   LIBCMT:malloc.obj
 0001:0001c9a8       rand                       000000018001d9a8 f   LIBCMT:rand.obj
 0001:0001c9d4       _set_abort_behavior        000000018001d9d4 f   LIBCMT:abort.obj
 0001:0001c9f0       abort                      000000018001d9f0 f   LIBCMT:abort.obj
 0001:0001ca48       _call_reportfault          000000018001da48 f   LIBCMT:invarg.obj
 0001:0001cb3c       _initp_misc_invarg         000000018001db3c f   LIBCMT:invarg.obj
 0001:0001cb44       _invalid_parameter         000000018001db44 f   LIBCMT:invarg.obj
 0001:0001cbac       _invalid_parameter_noinfo  000000018001dbac f   LIBCMT:invarg.obj
 0001:0001cbcc       _invoke_watson             000000018001dbcc f   LIBCMT:invarg.obj
 0001:0001cc08       free                       000000018001dc08 f   LIBCMT:free.obj
 0001:0001cc48       ??_V@YAXPEAX@Z             000000018001dc48 f   LIBCMT:delete2.obj
 0001:0001cc50       _sleep                     000000018001dc50 f   LIBCMT:slbeep.obj
 0001:0001cc64       _time64                    000000018001dc64 f   LIBCMT:time64.obj
 0001:0001ccc4       ??0_LocaleUpdate@@QEAA@PEAUlocaleinfo_struct@@@Z 000000018001dcc4 f i LIBCMT:stricmp.obj
 0001:0001cd6c       __ascii_stricmp            000000018001dd6c f   LIBCMT:stricmp.obj
 0001:0001cda8       _stricmp                   000000018001dda8 f   LIBCMT:stricmp.obj
 0001:0001cdf0       _stricmp_l                 000000018001ddf0 f   LIBCMT:stricmp.obj
 0001:0001cea4       _CRT_INIT                  000000018001dea4 f   LIBCMT:dllcrt0.obj
 0001:0001d004       _DllMainCRTStartup         000000018001e004 f   LIBCMT:dllcrt0.obj
 0001:0001d180       strlen                     000000018001e180 f   LIBCMT:strlen.obj
 0001:0001d228       _CxxThrowException         000000018001e228 f   LIBCMT:throw.obj
 0001:0001d2f0       ?_GetEstablisherFrame@@YAPEA_KPEA_KPEAU_xDISPATCHER_CONTEXT@@PEBU_s_FuncInfo@@0@Z 000000018001e2f0 f   LIBCMT:trnsctrl.obj
 0001:0001d3bc       ?_GetRangeOfTrysToCheck@@YAPEBU_s_TryBlockMapEntry@@PEA_KPEBU_s_FuncInfo@@HHPEAI2PEAU_xDISPATCHER_CONTEXT@@@Z 000000018001e3bc f   LIBCMT:trnsctrl.obj
 0001:0001d4e8       ?__FrameUnwindToEmptyState@@YAXPEA_KPEAU_xDISPATCHER_CONTEXT@@PEBU_s_FuncInfo@@@Z 000000018001e4e8 f   LIBCMT:trnsctrl.obj
 0001:0001d57c       ?__SehTransFilter@@YAHPEAU_EXCEPTION_POINTERS@@PEAUEHExceptionRecord@@PEA_KPEAU_CONTEXT@@PEAU_xDISPATCHER_CONTEXT@@PEBU_s_FuncInfo@@PEAH@Z 000000018001e57c f   LIBCMT:trnsctrl.obj
 0001:0001d620       _CallSETranslator          000000018001e620 f   LIBCMT:trnsctrl.obj
 0001:0001d674       _CreateFrameInfo           000000018001e674 f   LIBCMT:trnsctrl.obj
 0001:0001d6b8       _FindAndUnlinkFrame        000000018001e6b8 f   LIBCMT:trnsctrl.obj
 0001:0001d718       _GetImageBase              000000018001e718 f   LIBCMT:trnsctrl.obj
 0001:0001d730       _GetThrowImageBase         000000018001e730 f   LIBCMT:trnsctrl.obj
 0001:0001d748       _IsExceptionObjectToBeDestroyed 000000018001e748 f   LIBCMT:trnsctrl.obj
 0001:0001d77c       _SetImageBase              000000018001e77c f   LIBCMT:trnsctrl.obj
 0001:0001d798       _SetThrowImageBase         000000018001e798 f   LIBCMT:trnsctrl.obj
 0001:0001d7b4       _UnwindNestedFrames        000000018001e7b4 f   LIBCMT:trnsctrl.obj
 0001:0001d8d8       __CxxFrameHandler3         000000018001e8d8 f   LIBCMT:trnsctrl.obj
 0001:0001d960       _fpmath                    000000018001e960 f   LIBCMT:fpinit.obj
 0001:0001d968       _cfltcvt_init              000000018001e968 f   LIBCMT:fpinit.obj
 0001:0001d9f0       ??0__non_rtti_object@std@@QEAA@AEBV01@@Z 000000018001e9f0 f   LIBCMT:stdexcpt.obj
 0001:0001da14       ??0__non_rtti_object@std@@QEAA@PEBD@Z 000000018001ea14 f   LIBCMT:stdexcpt.obj
 0001:0001da38       ??0bad_cast@std@@QEAA@AEBV01@@Z 000000018001ea38 f   LIBCMT:stdexcpt.obj
 0001:0001da5c       ??0bad_cast@std@@QEAA@PEBD@Z 000000018001ea5c f   LIBCMT:stdexcpt.obj
 0001:0001da88       ??0bad_typeid@std@@QEAA@AEBV01@@Z 000000018001ea88 f   LIBCMT:stdexcpt.obj
 0001:0001daac       ??0bad_typeid@std@@QEAA@PEBD@Z 000000018001eaac f   LIBCMT:stdexcpt.obj
 0001:0001dad8       ??0exception@std@@QEAA@AEBQEBD@Z 000000018001ead8 f   LIBCMT:stdexcpt.obj
 0001:0001db08       ??0exception@std@@QEAA@AEBQEBDH@Z 000000018001eb08 f   LIBCMT:stdexcpt.obj
 0001:0001db24       ??0exception@std@@QEAA@AEBV01@@Z 000000018001eb24 f   LIBCMT:stdexcpt.obj
 0001:0001db50       ??1__non_rtti_object@std@@UEAA@XZ 000000018001eb50 f   LIBCMT:stdexcpt.obj
 0001:0001db50       ??1bad_cast@std@@UEAA@XZ   000000018001eb50 f   LIBCMT:stdexcpt.obj
 0001:0001db50       ??1exception@std@@UEAA@XZ  000000018001eb50 f   LIBCMT:stdexcpt.obj
 0001:0001db60       ??4exception@std@@QEAAAEAV01@AEBV01@@Z 000000018001eb60 f   LIBCMT:stdexcpt.obj
 0001:0001dba4       ??_G__non_rtti_object@std@@UEAAPEAXI@Z 000000018001eba4 f i LIBCMT:stdexcpt.obj
 0001:0001dba4       ??_Gbad_typeid@std@@UEAAPEAXI@Z 000000018001eba4 f i LIBCMT:stdexcpt.obj
 0001:0001dba4       ??_Gexception@std@@UEAAPEAXI@Z 000000018001eba4 f i LIBCMT:stdexcpt.obj
 0001:0001dba4       ??_E__non_rtti_object@std@@UEAAPEAXI@Z 000000018001eba4 f i LIBCMT:stdexcpt.obj
 0001:0001dba4       ??_Ebad_cast@std@@UEAAPEAXI@Z 000000018001eba4 f i LIBCMT:stdexcpt.obj
 0001:0001dba4       ??_Ebad_typeid@std@@UEAAPEAXI@Z 000000018001eba4 f i LIBCMT:stdexcpt.obj
 0001:0001dba4       ??_Gbad_cast@std@@UEAAPEAXI@Z 000000018001eba4 f i LIBCMT:stdexcpt.obj
 0001:0001dba4       ??_Eexception@std@@UEAAPEAXI@Z 000000018001eba4 f i LIBCMT:stdexcpt.obj
 0001:0001dbe0       ?_Copy_str@exception@std@@AEAAXPEBD@Z 000000018001ebe0 f   LIBCMT:stdexcpt.obj
 0001:0001dc3c       ?_Tidy@exception@std@@AEAAXXZ 000000018001ec3c f   LIBCMT:stdexcpt.obj
 0001:0001dc64       ?what@exception@std@@UEBAPEBDXZ 000000018001ec64 f   LIBCMT:stdexcpt.obj
 0001:0001dc78       setlocale                  000000018001ec78 f   LIBCMT:setlocal.obj
 0001:0001dee8       __initstdio                000000018001eee8 f   LIBCMT:_file.obj
 0001:0001df80       __endstdio                 000000018001ef80 f   LIBCMT:_file.obj
 0001:0001dfb0       __iob_func                 000000018001efb0 f   LIBCMT:_file.obj
 0001:0001dfb8       _lock_file                 000000018001efb8 f   LIBCMT:_file.obj
 0001:0001e020       _lock_file2                000000018001f020 f   LIBCMT:_file.obj
 0001:0001e054       _unlock_file               000000018001f054 f   LIBCMT:_file.obj
 0001:0001e0a4       _unlock_file2              000000018001f0a4 f   LIBCMT:_file.obj
 0001:0001e0c4       _fclose_nolock             000000018001f0c4 f   LIBCMT:fclose.obj
 0001:0001e140       fclose                     000000018001f140 f   LIBCMT:fclose.obj
 0001:0001e1a8       _fflush_nolock             000000018001f1a8 f   LIBCMT:fflush.obj
[...]
 0004:00002370       $pdata$__updatetmbcinfo    000000018004f370     LIBCMT:mbctype.obj
 0004:0000237c       $pdata$_setmbcp            000000018004f37c     LIBCMT:mbctype.obj
 0004:00002388       $pdata$_setmbcp_nolock     000000018004f388     LIBCMT:mbctype.obj
 0004:00002394       $pdata$_locterm            000000018004f394     LIBCMT:wsetloca.obj
 0004:000023a0       $pdata$__copy_locale_name  000000018004f3a0     LIBCMT:wsetloca.obj
 0004:000023ac       $pdata$__lc_lctowcs        000000018004f3ac     LIBCMT:wsetloca.obj
 0004:000023b8       $pdata$__lc_wcstolc        000000018004f3b8     LIBCMT:wsetloca.obj
 0004:000023c4       $pdata$_copytlocinfo_nolock 000000018004f3c4     LIBCMT:wsetloca.obj
 0004:000023d0       $pdata$_expandlocale       000000018004f3d0     LIBCMT:wsetloca.obj
 0004:000023dc       $pdata$_wcscats            000000018004f3dc     LIBCMT:wsetloca.obj
 0004:000023e8       $pdata$_wsetlocale         000000018004f3e8     LIBCMT:wsetloca.obj
 0004:000023f4       $pdata$_wsetlocale_get_all 000000018004f3f4     LIBCMT:wsetloca.obj
 0004:00002400       $pdata$_wsetlocale_nolock  000000018004f400     LIBCMT:wsetloca.obj
 0004:0000240c       $pdata$_wsetlocale_set_cat 000000018004f40c     LIBCMT:wsetloca.obj
 0004:00002418       $pdata$_XcptFilter         000000018004f418     LIBCMT:winxfltr.obj
 0004:00002424       $pdata$_ioinit             000000018004f424     LIBCMT:ioinit.obj
 0004:00002430       $pdata$_ioterm             000000018004f430     LIBCMT:ioinit.obj
 0004:0000243c       $pdata$_setargv            000000018004f43c     LIBCMT:stdargv.obj
 0004:00002448       $pdata$parse_cmdline       000000018004f448     LIBCMT:stdargv.obj
 0004:00002454       $pdata$_setenvp            000000018004f454     LIBCMT:stdenvp.obj
 0004:00002460       $pdata$__security_init_cookie 000000018004f460     LIBCMT:gs_support.obj
 0004:0000246c       $pdata$__crtGetEnvironmentStringsA 000000018004f46c     LIBCMT:a_env.obj
 0004:00002478       $pdata$_RTC_Initialize     000000018004f478     LIBCMT:initsect.obj
 0004:00002484       $pdata$_RTC_Terminate      000000018004f484     LIBCMT:initsect.obj
 0004:00002490       $pdata$__DestructExceptionObject 000000018004f490     LIBCMT:frame.obj
 0004:0000249c       $pdata$??0bad_exception@std@@QEAA@AEBV01@@Z 000000018004f49c     LIBCMT:frame.obj
 0004:000024a8       $pdata$??_Gbad_exception@std@@UEAAPEAXI@Z 000000018004f4a8     LIBCMT:frame.obj
 0004:000024b4       $pdata$?CatchIt@@YAXPEAUEHExceptionRecord@@PEA_KPEAU_CONTEXT@@PEAU_xDISPATCHER_CONTEXT@@PEBU_s_FuncInfo@@PEBU_s_HandlerType@@PEBU_s_CatchableType@@PEBU_s_TryBlockMapEntry@@H1EE@Z 000000018004f4b4     LIBCMT:frame.obj
 0004:000024c0       $pdata$?FindHandler@@YAXPEAUEHExceptionRecord@@PEA_KPEAU_CONTEXT@@PEAU_xDISPATCHER_CONTEXT@@PEBU_s_FuncInfo@@EH1@Z 000000018004f4c0     LIBCMT:frame.obj
 0004:000024cc       $pdata$?FindHandlerForForeignException@@YAXPEAUEHExceptionRecord@@PEA_KPEAU_CONTEXT@@PEAU_xDISPATCHER_CONTEXT@@PEBU_s_FuncInfo@@HH1@Z 000000018004f4cc     LIBCMT:frame.obj
 0004:000024d8       $pdata$?IsInExceptionSpec@@YAEPEAUEHExceptionRecord@@PEBU_s_ESTypeList@@@Z 000000018004f4d8     LIBCMT:frame.obj
 0004:000024e4       $pdata$__BuildCatchObject  000000018004f4e4     LIBCMT:frame.obj
 0004:000024f0       $pdata$__BuildCatchObjectHelper 000000018004f4f0     LIBCMT:frame.obj
 0004:000024fc       $pdata$__CxxCallCatchBlock 000000018004f4fc     LIBCMT:frame.obj
 0004:00002508       $pdata$__FrameUnwindFilter 000000018004f508     LIBCMT:frame.obj
 0004:00002514       $pdata$__FrameUnwindToState 000000018004f514     LIBCMT:frame.obj
 0004:00002520       $pdata$__InternalCxxFrameHandler 000000018004f520     LIBCMT:frame.obj
 0004:0000252c       $pdata$__TypeMatch         000000018004f52c     LIBCMT:frame.obj
 0004:00002538       $pdata$?__GetCurrentState@@YAHPEA_KPEAU_xDISPATCHER_CONTEXT@@PEBU_s_FuncInfo@@@Z 000000018004f538     LIBCMT:ehstate.obj
 0004:00002544       $pdata$?__GetUnwindTryBlock@@YAHPEA_KPEAU_xDISPATCHER_CONTEXT@@PEBU_s_FuncInfo@@@Z 000000018004f544     LIBCMT:ehstate.obj
 0004:00002550       $pdata$?__SetUnwindTryBlock@@YAXPEA_KPEAU_xDISPATCHER_CONTEXT@@PEBU_s_FuncInfo@@H@Z 000000018004f550     LIBCMT:ehstate.obj
 0004:0000255c       $pdata$?__StateFromIp@@YAHPEBU_s_FuncInfo@@PEAU_xDISPATCHER_CONTEXT@@_J@Z 000000018004f55c     LIBCMT:ehstate.obj
 0004:00002568       $pdata$?_inconsistency@@YAXXZ 000000018004f568     LIBCMT:hooks.obj
 0004:00002574       $pdata$?terminate@@YAXXZ   000000018004f574     LIBCMT:hooks.obj
 0004:00002580       $pdata$_initp_eh_hooks     000000018004f580     LIBCMT:hooks.obj
 0004:0000258c       $pdata$_cfltcvt            000000018004f58c     LIBCMT:cvt.obj
 0004:00002598       $pdata$_cfltcvt_l          000000018004f598     LIBCMT:cvt.obj
 0004:000025a4       $pdata$_cftoa_l            000000018004f5a4     LIBCMT:cvt.obj
 0004:000025b0       $pdata$_cftoe2_l           000000018004f5b0     LIBCMT:cvt.obj
 0004:000025bc       $pdata$_cftoe_l            000000018004f5bc     LIBCMT:cvt.obj
 0004:000025c8       $pdata$_cftof2_l           000000018004f5c8     LIBCMT:cvt.obj
 0004:000025d4       $pdata$_cftof_l            000000018004f5d4     LIBCMT:cvt.obj
 0004:000025e0       $pdata$_cftog_l            000000018004f5e0     LIBCMT:cvt.obj
 0004:000025ec       $pdata$_cropzeros_l        000000018004f5ec     LIBCMT:cvt.obj
 0004:000025f8       $pdata$_fassign_l          000000018004f5f8     LIBCMT:cvt.obj
 0004:00002604       $pdata$_forcdecpt_l        000000018004f604     LIBCMT:cvt.obj
 0004:00002610       $pdata$_initp_misc_cfltcvt_tab 000000018004f610     LIBCMT:cmiscdat.obj
 0004:0000261c       $pdata$strcpy_s            000000018004f61c     LIBCMT:strcpy_s.obj
 0004:00002628       $pdata$_mbstowcs_l_helper  000000018004f628     LIBCMT:mbstowcs.obj
 0004:00002634       $pdata$_mbstowcs_s_l       000000018004f634     LIBCMT:mbstowcs.obj
 0004:00002640       $pdata$mbstowcs_s          000000018004f640     LIBCMT:mbstowcs.obj
 0004:0000264c       $pdata$_wcstombs_l_helper  000000018004f64c     LIBCMT:wcstombs.obj
 0004:00002658       $pdata$_wcstombs_s_l       000000018004f658     LIBCMT:wcstombs.obj
 0004:00002664       $pdata$_fcloseall          000000018004f664     LIBCMT:closeall.obj
 0004:00002670       $pdata$_fileno             000000018004f670     LIBCMT:fileno.obj
 0004:0000267c       $pdata$_close              000000018004f67c     LIBCMT:close.obj
 0004:00002688       $pdata$_close_nolock       000000018004f688     LIBCMT:close.obj
 0004:00002694       $pdata$_freebuf            000000018004f694     LIBCMT:_freebuf.obj
 0004:000026a0       $pdata$_commit             000000018004f6a0     LIBCMT:commit.obj
 0004:000026ac       $pdata$_write              000000018004f6ac     LIBCMT:write.obj
 0004:000026b8       $pdata$_write_nolock       000000018004f6b8     LIBCMT:write.obj
 0004:000026c4       $pdata$_filbuf             000000018004f6c4     LIBCMT:_filbuf.obj
 0004:000026d0       $pdata$_ftelli64           000000018004f6d0     LIBCMT:ftelli64.obj
 0004:000026dc       $pdata$_ftelli64_nolock    000000018004f6dc     LIBCMT:ftelli64.obj
 0004:000026e8       $pdata$_lseeki64           000000018004f6e8     LIBCMT:lseeki64.obj
 0004:000026f4       $pdata$_lseeki64_nolock    000000018004f6f4     LIBCMT:lseeki64.obj
 0004:00002700       $pdata$_getbuf             000000018004f700     LIBCMT:_getbuf.obj
 0004:0000270c       $pdata$_isctype_l          000000018004f70c     LIBCMT:isctype.obj
 0004:00002718       $pdata$calloc              000000018004f718     LIBCMT:calloc.obj
 0004:00002724       $pdata$?__crtGetStringTypeA_stat@@YAHPEAUlocaleinfo_struct@@KPEBDHPEAGHH@Z 000000018004f724     LIBCMT:a_str.obj
 0004:00002730       $pdata$__crtGetStringTypeA 000000018004f730     LIBCMT:a_str.obj
 0004:00002748       $pdata$realloc             000000018004f748     LIBCMT:realloc.obj
 0004:00002754       $pdata$_calloc_impl        000000018004f754     LIBCMT:calloc_impl.obj
 0004:00002760       $pdata$_wcsicmp            000000018004f760     LIBCMT:wcsicmp.obj
 0004:0000276c       $pdata$_wcsicmp_l          000000018004f76c     LIBCMT:wcsicmp.obj
 0004:00002778       $pdata$_isleadbyte_l       000000018004f778     LIBCMT:_wctype.obj
 0004:00002784       $pdata$isleadbyte          000000018004f784     LIBCMT:_wctype.obj
 0004:00002790       $pdata$_IsNonwritableInCurrentImage 000000018004f790     LIBCMT:pesect.obj
 0004:0000279c       $pdata$_ftbuf              000000018004f79c     LIBCMT:_sftbuf.obj
 0004:000027a8       $pdata$_stbuf              000000018004f7a8     LIBCMT:_sftbuf.obj
 0004:000027b4       $pdata$_woutput_l          000000018004f7b4     LIBCMT:woutput.obj
 0004:000027c0       $pdata$write_char          000000018004f7c0     LIBCMT:woutput.obj
 0004:000027cc       $pdata$write_multi_char    000000018004f7cc     LIBCMT:woutput.obj
 0004:000027d8       $pdata$write_string        000000018004f7d8     LIBCMT:woutput.obj
 0004:000027e4       $pdata$wcsncpy_s           000000018004f7e4     LIBCMT:wcsncpy_s.obj
 0004:00002820       $pdata$strncpy_s           000000018004f820     LIBCMT:strncpy_s.obj
 0004:0000282c       $pdata$?__crtGetLocaleInfoA_stat@@YAHPEAUlocaleinfo_struct@@PEB_WKPEADH@Z 000000018004f82c     LIBCMT:a_loc.obj
 0004:00002838       $pdata$__crtGetLocaleInfoA 000000018004f838     LIBCMT:a_loc.obj
 0004:00002850       $pdata$_isatty             000000018004f850     LIBCMT:isatty.obj
 0004:0000285c       $pdata$_wctomb_s_l         000000018004f85c     LIBCMT:wctomb.obj
 0004:00002868       $pdata$wctomb_s            000000018004f868     LIBCMT:wctomb.obj
 0004:00002874       $pdata$__free_lconv_mon    000000018004f874     LIBCMT:initmon.obj
 0004:00002880       $pdata$__init_monetary     000000018004f880     LIBCMT:initmon.obj
 0004:0000288c       $pdata$__free_lconv_num    000000018004f88c     LIBCMT:initnum.obj
 0004:00002898       $pdata$__init_numeric      000000018004f898     LIBCMT:initnum.obj
 0004:000028a4       $pdata$__free_lc_time      000000018004f8a4     LIBCMT:inittime.obj
 0004:000028b0       $pdata$__init_time         000000018004f8b0     LIBCMT:inittime.obj
 0004:000028bc       $pdata$_get_lc_time        000000018004f8bc     LIBCMT:inittime.obj
 0004:000028c8       $pdata$GetLocaleNameFromLangCountry 000000018004f8c8     LIBCMT:getqloc.obj
 0004:000028d4       $pdata$GetLocaleNameFromLanguage 000000018004f8d4     LIBCMT:getqloc.obj
 0004:000028e0       $pdata$LangCountryEnumProcEx 000000018004f8e0     LIBCMT:getqloc.obj
 0004:000028ec       $pdata$LanguageEnumProcEx  000000018004f8ec     LIBCMT:getqloc.obj
 0004:000028f8       $pdata$ProcessCodePage     000000018004f8f8     LIBCMT:getqloc.obj
 0004:00002904       $pdata$TestDefaultCountry  000000018004f904     LIBCMT:getqloc.obj
 0004:00002910       $pdata$__get_qualified_locale 000000018004f910     LIBCMT:getqloc.obj
 0004:0000291c       $pdata$CountryEnumProc     000000018004f91c     LIBCMT:getqloc_downlevel.obj
 0004:00002928       $pdata$GetLcidFromLangCountry 000000018004f928     LIBCMT:getqloc_downlevel.obj
 0004:00002934       $pdata$GetLcidFromLanguage 000000018004f934     LIBCMT:getqloc_downlevel.obj
 0004:00002940       $pdata$LangCountryEnumProc 000000018004f940     LIBCMT:getqloc_downlevel.obj
 0004:0000294c       $pdata$LanguageEnumProc    000000018004f94c     LIBCMT:getqloc_downlevel.obj
 0004:00002958       $pdata$ProcessCodePage     000000018004f958     LIBCMT:getqloc_downlevel.obj
 0004:00002964       $pdata$TestDefaultLanguage 000000018004f964     LIBCMT:getqloc_downlevel.obj
 0004:00002970       $pdata$TranslateName       000000018004f970     LIBCMT:getqloc_downlevel.obj
 0004:00002970       $pdata$TranslateName       000000018004f970     LIBCMT:getqloc_downlevel.obj
 0004:0000297c       $pdata$__get_qualified_locale_downlevel 000000018004f97c     LIBCMT:getqloc_downlevel.obj
 0004:00002994       $pdata$strrchr             000000018004f994     LIBCMT:strrchr.obj
 0004:000029a0       $pdata$_fptostr            000000018004f9a0     LIBCMT:_fptostr.obj
 0004:000029ac       $pdata$__crt_atoflt_l      000000018004f9ac     LIBCMT:atodbl.obj
 0004:000029b8       $pdata$_atodbl_l           000000018004f9b8     LIBCMT:atodbl.obj
 0004:000029c4       $pdata$__dtold             000000018004f9c4     LIBCMT:cfout.obj
 0004:000029d0       $pdata$_fltout2            000000018004f9d0     LIBCMT:cfout.obj
 0004:000029dc       $pdata$__lock_fhandle      000000018004f9dc     LIBCMT:osfinfo.obj
 0004:000029e8       $pdata$_free_osfhnd        000000018004f9e8     LIBCMT:osfinfo.obj
 0004:000029f4       $pdata$_get_osfhandle      000000018004f9f4     LIBCMT:osfinfo.obj
 0004:00002a00       $pdata$_mbtowc_l           000000018004fa00     LIBCMT:mbtowc.obj
 0004:00002a0c       $pdata$_putwch_nolock      000000018004fa0c     LIBCMT:putwch.obj
 0004:00002a18       $pdata$_read               000000018004fa18     LIBCMT:read.obj
 0004:00002a24       $pdata$_read_nolock        000000018004fa24     LIBCMT:read.obj
 0004:00002a30       $pdata$_towlower_l         000000018004fa30     LIBCMT:towlower.obj
 0004:00002a3c       $pdata$iswctype            000000018004fa3c     LIBCMT:iswctype.obj
 0004:00002a48       $pdata$_fputwc_nolock      000000018004fa48     LIBCMT:fputwc.obj
 0004:00002a54       $pdata$?wcstoxl@@YAKPEB_WPEAPEB_WHH@Z 000000018004fa54     LIBCMT:wcstol.obj
 0004:00002a60       $pdata$wcschr              000000018004fa60     LIBCMT:wcschr.obj
 0004:00002a6c       $pdata$_wcsnicmp           000000018004fa6c     LIBCMT:wcsnicmp.obj
 0004:00002a78       $pdata$_wcsnicmp_l         000000018004fa78     LIBCMT:wcsnicmp.obj
 0004:00002a84       $pdata$_ld12tod            000000018004fa84     LIBCMT:intrncvt.obj
 0004:00002a90       $pdata$_ld12tof            000000018004fa90     LIBCMT:intrncvt.obj
 0004:00002a9c       $pdata$__strgtold12_l      000000018004fa9c     LIBCMT:strgtold.obj
 0004:00002aa8       $pdata$$I10_OUTPUT         000000018004faa8     LIBCMT:x10fout.obj
 0004:00002ab4       $pdata$__termconout        000000018004fab4     LIBCMT:initcon.obj
 0004:00002ac0       $pdata$__initconout        000000018004fac0     LIBCMT:initcon.obj
 0004:00002acc       $pdata$_flswbuf            000000018004facc     LIBCMT:_flswbuf.obj
 0004:00002ad8       $pdata$__mtold12           000000018004fad8     LIBCMT:mantold.obj
 0004:00002ae4       $pdata$__delayLoadHelper2  000000018004fae4     DelayImp:delayhlp.obj
 0004:00002af0       $pdata$?FindMITargetTypeInstance@@YAPEBU_s_RTTIBaseClassDescriptor@@PEAXPEBU_s_RTTICompleteObjectLocator@@PEAUTypeDescriptor@@_J2_K@Z 000000018004faf0     LIBCMT:rtti.obj
 0004:00002afc       $pdata$?FindSITargetTypeInstance@@YAPEBU_s_RTTIBaseClassDescriptor@@PEBU_s_RTTICompleteObjectLocator@@PEAUTypeDescriptor@@1_K@Z 000000018004fafc     LIBCMT:rtti.obj
 0004:00002b08       $pdata$?FindVITargetTypeInstance@@YAPEBU_s_RTTIBaseClassDescriptor@@PEAXPEBU_s_RTTICompleteObjectLocator@@PEAUTypeDescriptor@@_J2_K@Z 000000018004fb08     LIBCMT:rtti.obj
 0004:00002b14       $pdata$__RTDynamicCast     000000018004fb14     LIBCMT:rtti.obj
 0004:00002b20       $pdata$?dtor$0@?0???0?$basic_ostream@DU?$char_traits@D@std@@@std@@QEAA@PEAV?$basic_streambuf@DU?$char_traits@D@std@@@1@_N@Z@4HA 000000018004fb20     libcpmt:cerr.obj
 0004:00002b2c       $pdata$_onexit$fin$0       000000018004fb2c     LIBCMT:onexit.obj
 0004:00002b38       $pdata$_CRT_INIT$fin$0     000000018004fb38     LIBCMT:dllcrt0.obj
 0004:00002b44       $pdata$__DllMainCRTStartup$filt$0 000000018004fb44     LIBCMT:dllcrt0.obj
 0004:00002b50       $pdata$_CallSETranslator$filt$0 000000018004fb50     LIBCMT:trnsctrl.obj
 0004:00002b5c       $pdata$setlocale$fin$0     000000018004fb5c     LIBCMT:setlocal.obj
 0004:00002b68       $pdata$flsall$fin$0        000000018004fb68     LIBCMT:fflush.obj
 0004:00002b74       $pdata$flsall$fin$1        000000018004fb74     LIBCMT:fflush.obj
 0004:00002b80       $pdata$_ftelli64$fin$0     000000018004fb80     LIBCMT:fseeki64.obj
 0004:00002b80       $pdata$fclose$fin$0        000000018004fb80     LIBCMT:fseeki64.obj
 0004:00002b80       $pdata$fgetc$fin$0         000000018004fb80     LIBCMT:fseeki64.obj
 0004:00002b80       $pdata$_fseeki64$fin$0     000000018004fb80     LIBCMT:fseeki64.obj
 0004:00002b80       $pdata$fflush$fin$0        000000018004fb80     LIBCMT:fseeki64.obj
 0004:00002b8c       $pdata$fwrite$fin$0        000000018004fb8c     LIBCMT:fwrite.obj
 0004:00002b98       $pdata$setvbuf$fin$0       000000018004fb98     LIBCMT:setvbuf.obj
 0004:00002ba4       $pdata$fputc$fin$0         000000018004fba4     LIBCMT:ungetc.obj
 0004:00002ba4       $pdata$ungetc$fin$0        000000018004fba4     LIBCMT:ungetc.obj
 0004:00002bb0       $pdata$_mtinitlocknum$fin$0 000000018004fbb0     LIBCMT:mlock.obj
 0004:00002bbc       $pdata$doexit$fin$0        000000018004fbbc     LIBCMT:crt0dat.obj
 0004:00002bc8       $pdata$fwprintf$fin$0      000000018004fbc8     LIBCMT:fwprintf.obj
 0004:00002bd4       $pdata$raise$fin$0         000000018004fbd4     LIBCMT:winsig.obj
 0004:00002be0       $pdata$?fin$0@?0??_Type_info_dtor@type_info@@CAXPEAV1@@Z@4HA 000000018004fbe0     LIBCMT:typname.obj
 0004:00002bec       $pdata$_initptd$fin$1      000000018004fbec     LIBCMT:tidtable.obj
 0004:00002bec       $pdata$_freefls$fin$1      000000018004fbec     LIBCMT:tidtable.obj
 0004:00002bf8       $pdata$_freefls$fin$0      000000018004fbf8     LIBCMT:tidtable.obj
 0004:00002bf8       $pdata$_initptd$fin$0      000000018004fbf8     LIBCMT:tidtable.obj
 0004:00002c04       $pdata$_locterm$fin$0      000000018004fc04     LIBCMT:localref.obj
 0004:00002c04       $pdata$__updatetlocinfo$fin$0 000000018004fc04     LIBCMT:localref.obj
 0004:00002c10       $pdata$__updatetmbcinfo$fin$0 000000018004fc10     LIBCMT:mbctype.obj
 0004:00002c10       $pdata$_setmbcp$fin$0      000000018004fc10     LIBCMT:mbctype.obj
 0004:00002c1c       $pdata$_wsetlocale$fin$1   000000018004fc1c     LIBCMT:wsetloca.obj
 0004:00002c28       $pdata$_wsetlocale$fin$0   000000018004fc28     LIBCMT:wsetloca.obj
 0004:00002c34       $pdata$_wsetlocale$fin$2   000000018004fc34     LIBCMT:wsetloca.obj
 0004:00002c40       $pdata$_ioinit$fin$0       000000018004fc40     LIBCMT:ioinit.obj
 0004:00002c4c       $pdata$__CxxCallCatchBlock$filt$0 000000018004fc4c     LIBCMT:frame.obj
 0004:00002c58       $pdata$__CxxCallCatchBlock$fin$1 000000018004fc58     LIBCMT:frame.obj
 0004:00002c64       $pdata$__DestructExceptionObject$filt$0 000000018004fc64     LIBCMT:frame.obj
 0004:00002c70       $pdata$__FrameUnwindToState$filt$0 000000018004fc70     LIBCMT:frame.obj
 0004:00002c7c       $pdata$__FrameUnwindToState$fin$1 000000018004fc7c     LIBCMT:frame.obj
 0004:00002c88       $pdata$_fcloseall$fin$0    000000018004fc88     LIBCMT:closeall.obj
 0004:00002c94       $pdata$_close$fin$0        000000018004fc94     LIBCMT:commit.obj
 0004:00002c94       $pdata$_commit$fin$0       000000018004fc94     LIBCMT:commit.obj
 0004:00002ca0       $pdata$_lseeki64$fin$0     000000018004fca0     LIBCMT:write.obj
 0004:00002ca0       $pdata$_read$fin$0         000000018004fca0     LIBCMT:write.obj
 0004:00002ca0       $pdata$_write$fin$0        000000018004fca0     LIBCMT:write.obj
 0004:00002cac       $pdata$_IsNonwritableInCurrentImage$filt$0 000000018004fcac     LIBCMT:pesect.obj
 0004:00002cb8       $pdata$__lock_fhandle$fin$0 000000018004fcb8     LIBCMT:osfinfo.obj
 0004:00002cc4       $pdata$__RTDynamicCast$filt$0 000000018004fcc4     LIBCMT:rtti.obj
 0004:00002cd0       $pdata$??__F_Fac_tidy_reg@std@@YAXXZ 000000018004fcd0     libcpmt:locale0.obj
 0004:00002cdc       $pdata$??__Fclassic_locale@std@@YAXXZ 000000018004fcdc     libcpmt:locale0.obj
 0004:00002ce8       $pdata$??__Finit_atexit@@YAXXZ 000000018004fce8     libcpmt:iosptrs.obj
 0005:00000060       $R000000                   0000000180050060     * linker generated manifest res *

 Exports

  ordinal    name

        1    _register_kafka_
